Modules list:
-------------
main.o:
    CODE              Offs=000000  Size=000045  Align=00001  Fill=0000
    RODATA            Offs=000000  Size=000011  Align=00001  Fill=0000
    BSS               Offs=000000  Size=000002  Align=00001  Fill=0000
map.o:
    CODE              Offs=000045  Size=000316  Align=00001  Fill=0000
    RODATA            Offs=000011  Size=00001C  Align=00001  Fill=0000
    DATA              Offs=000000  Size=000294  Align=00001  Fill=0000
universal.o:
    CODE              Offs=00035B  Size=000173  Align=00001  Fill=0000
    RODATA            Offs=00002D  Size=00020A  Align=00001  Fill=0000
    DATA              Offs=000294  Size=00002D  Align=00001  Fill=0000
/Users/rje/git/cc65/lib/cx16.lib(_cursor.o):
    BSS               Offs=000002  Size=000001  Align=00001  Fill=0000
/Users/rje/git/cc65/lib/cx16.lib(_hextab.o):
    RODATA            Offs=000237  Size=000010  Align=00001  Fill=0000
/Users/rje/git/cc65/lib/cx16.lib(_longminstr.o):
    RODATA            Offs=000247  Size=00000C  Align=00001  Fill=0000
/Users/rje/git/cc65/lib/cx16.lib(_printf.o):
    CODE              Offs=0004CE  Size=0003A5  Align=00001  Fill=0000
    BSS               Offs=000003  Size=00002B  Align=00001  Fill=0000
    DATA              Offs=0002C1  Size=000003  Align=00001  Fill=0000
/Users/rje/git/cc65/lib/cx16.lib(_sys.o):
    CODE              Offs=000873  Size=000044  Align=00001  Fill=0000
/Users/rje/git/cc65/lib/cx16.lib(add.o):
    CODE              Offs=0008B7  Size=000018  Align=00001  Fill=0000
/Users/rje/git/cc65/lib/cx16.lib(addeqsp.o):
    CODE              Offs=0008CF  Size=000011  Align=00001  Fill=0000
/Users/rje/git/cc65/lib/cx16.lib(addysp.o):
    CODE              Offs=0008E0  Size=00000E  Align=00001  Fill=0000
/Users/rje/git/cc65/lib/cx16.lib(axlong.o):
    CODE              Offs=0008EE  Size=00000D  Align=00001  Fill=0000
/Users/rje/git/cc65/lib/cx16.lib(c_bsout.o):
/Users/rje/git/cc65/lib/cx16.lib(callmain.o):
    CODE              Offs=0008FB  Size=000017  Align=00001  Fill=0000
    DATA              Offs=0002C4  Size=000004  Align=00001  Fill=0000
/Users/rje/git/cc65/lib/cx16.lib(cclear.o):
    CODE              Offs=000912  Size=000015  Align=00001  Fill=0000
/Users/rje/git/cc65/lib/cx16.lib(cgetc.o):
    CODE              Offs=000927  Size=000067  Align=00001  Fill=0000
/Users/rje/git/cc65/lib/cx16.lib(clrscr.o):
    CODE              Offs=00098E  Size=000011  Align=00001  Fill=0000
/Users/rje/git/cc65/lib/cx16.lib(color.o):
    CODE              Offs=00099F  Size=00002A  Align=00001  Fill=0000
/Users/rje/git/cc65/lib/cx16.lib(condes.o):
    CODE              Offs=0009C9  Size=00000C  Align=00001  Fill=0000
    DATA              Offs=0002C8  Size=000025  Align=00001  Fill=0000
    ONCE              Offs=000000  Size=00000C  Align=00001  Fill=0000
/Users/rje/git/cc65/lib/cx16.lib(cprintf.o):
    CODE              Offs=0009D5  Size=00002A  Align=00001  Fill=0000
    BSS               Offs=00002E  Size=000001  Align=00001  Fill=0000
/Users/rje/git/cc65/lib/cx16.lib(cputc.o):
    CODE              Offs=0009FF  Size=000062  Align=00001  Fill=0000
    RODATA            Offs=000253  Size=000008  Align=00001  Fill=0000
/Users/rje/git/cc65/lib/cx16.lib(cputs.o):
    CODE              Offs=000A61  Size=000023  Align=00001  Fill=0000
/Users/rje/git/cc65/lib/cx16.lib(crt0.o):
    STARTUP           Offs=000000  Size=000021  Align=00001  Fill=0000
    ONCE              Offs=00000C  Size=00001B  Align=00001  Fill=0000
    INIT              Offs=000000  Size=000002  Align=00001  Fill=0000
/Users/rje/git/cc65/lib/cx16.lib(ctype.o):
    RODATA            Offs=00025B  Size=00008B  Align=00001  Fill=0000
/Users/rje/git/cc65/lib/cx16.lib(ctypemask.o):
    CODE              Offs=000A84  Size=00001E  Align=00001  Fill=0000
/Users/rje/git/cc65/lib/cx16.lib(decax1.o):
    CODE              Offs=000AA2  Size=000007  Align=00001  Fill=0000
/Users/rje/git/cc65/lib/cx16.lib(decsp2.o):
    CODE              Offs=000AA9  Size=00000D  Align=00001  Fill=0000
/Users/rje/git/cc65/lib/cx16.lib(decsp4.o):
    CODE              Offs=000AB6  Size=00000D  Align=00001  Fill=0000
/Users/rje/git/cc65/lib/cx16.lib(decsp6.o):
    CODE              Offs=000AC3  Size=00000D  Align=00001  Fill=0000
/Users/rje/git/cc65/lib/cx16.lib(exehdr.o):
    EXEHDR            Offs=000000  Size=00000C  Align=00001  Fill=0000
/Users/rje/git/cc65/lib/cx16.lib(gotoxy.o):
    CODE              Offs=000AD0  Size=00000F  Align=00001  Fill=0000
/Users/rje/git/cc65/lib/cx16.lib(incaxy.o):
    CODE              Offs=000ADF  Size=00000B  Align=00001  Fill=0000
/Users/rje/git/cc65/lib/cx16.lib(incsp2.o):
    CODE              Offs=000AEA  Size=000015  Align=00001  Fill=0000
/Users/rje/git/cc65/lib/cx16.lib(incsp4.o):
    CODE              Offs=000AFF  Size=000005  Align=00001  Fill=0000
/Users/rje/git/cc65/lib/cx16.lib(incsp6.o):
    CODE              Offs=000B04  Size=000005  Align=00001  Fill=0000
/Users/rje/git/cc65/lib/cx16.lib(jmpvec.o):
    DATA              Offs=0002ED  Size=000003  Align=00001  Fill=0000
/Users/rje/git/cc65/lib/cx16.lib(kbhit.o):
    CODE              Offs=000B09  Size=000005  Align=00001  Fill=0000
/Users/rje/git/cc65/lib/cx16.lib(kernal.o):
/Users/rje/git/cc65/lib/cx16.lib(ldaxsp.o):
    CODE              Offs=000B0E  Size=000009  Align=00001  Fill=0000
/Users/rje/git/cc65/lib/cx16.lib(lneg.o):
    CODE              Offs=000B17  Size=00001E  Align=00001  Fill=0000
/Users/rje/git/cc65/lib/cx16.lib(loadaddr.o):
    LOADADDR          Offs=000000  Size=000002  Align=00001  Fill=0000
/Users/rje/git/cc65/lib/cx16.lib(lpush.o):
    CODE              Offs=000B35  Size=00001E  Align=00001  Fill=0000
/Users/rje/git/cc65/lib/cx16.lib(ltoa.o):
    CODE              Offs=000B53  Size=000093  Align=00001  Fill=0000
/Users/rje/git/cc65/lib/cx16.lib(mod.o):
    CODE              Offs=000BE6  Size=000011  Align=00001  Fill=0000
/Users/rje/git/cc65/lib/cx16.lib(mul8.o):
    CODE              Offs=000BF7  Size=00003A  Align=00001  Fill=0000
/Users/rje/git/cc65/lib/cx16.lib(negabs.o):
    CODE              Offs=000C31  Size=000012  Align=00001  Fill=0000
/Users/rje/git/cc65/lib/cx16.lib(popa.o):
    CODE              Offs=000C43  Size=00000A  Align=00001  Fill=0000
/Users/rje/git/cc65/lib/cx16.lib(popptr1.o):
    CODE              Offs=000C4D  Size=00000E  Align=00001  Fill=0000
/Users/rje/git/cc65/lib/cx16.lib(push1.o):
    CODE              Offs=000C5B  Size=000005  Align=00001  Fill=0000
/Users/rje/git/cc65/lib/cx16.lib(pusha.o):
    CODE              Offs=000C60  Size=000016  Align=00001  Fill=0000
/Users/rje/git/cc65/lib/cx16.lib(pushax.o):
    CODE              Offs=000C76  Size=00001A  Align=00001  Fill=0000
/Users/rje/git/cc65/lib/cx16.lib(pushwsp.o):
    CODE              Offs=000C90  Size=00001C  Align=00001  Fill=0000
/Users/rje/git/cc65/lib/cx16.lib(rand.o):
    CODE              Offs=000CAC  Size=000034  Align=00001  Fill=0000
    DATA              Offs=0002F0  Size=000004  Align=00001  Fill=0000
/Users/rje/git/cc65/lib/cx16.lib(randomize.o):
    CODE              Offs=000CE0  Size=000006  Align=00001  Fill=0000
/Users/rje/git/cc65/lib/cx16.lib(shelp.o):
    CODE              Offs=000CE6  Size=000020  Align=00001  Fill=0000
/Users/rje/git/cc65/lib/cx16.lib(staspidx.o):
    CODE              Offs=000D06  Size=000016  Align=00001  Fill=0000
/Users/rje/git/cc65/lib/cx16.lib(staxsp.o):
    CODE              Offs=000D1C  Size=00000B  Align=00001  Fill=0000
/Users/rje/git/cc65/lib/cx16.lib(strlen.o):
    CODE              Offs=000D27  Size=000016  Align=00001  Fill=0000
/Users/rje/git/cc65/lib/cx16.lib(strlower.o):
    CODE              Offs=000D3D  Size=000027  Align=00001  Fill=0000
/Users/rje/git/cc65/lib/cx16.lib(udiv.o):
    CODE              Offs=000D64  Size=00004F  Align=00001  Fill=0000
/Users/rje/git/cc65/lib/cx16.lib(vcprintf.o):
    CODE              Offs=000DB3  Size=000078  Align=00001  Fill=0000
    DATA              Offs=0002F4  Size=000008  Align=00001  Fill=0000
/Users/rje/git/cc65/lib/cx16.lib(zerobss.o):
    CODE              Offs=000E2B  Size=000023  Align=00001  Fill=0000
/Users/rje/git/cc65/lib/cx16.lib(zeropage.o):
    ZEROPAGE          Offs=000000  Size=00001A  Align=00001  Fill=0000


Segment list:
-------------
Name                   Start     End    Size  Align
----------------------------------------------------
ZEROPAGE              000022  00003B  00001A  00001
LOADADDR              0007FF  000800  000002  00001
EXEHDR                000801  00080C  00000C  00001
STARTUP               00080D  00082D  000021  00001
CODE                  00082E  00167B  000E4E  00001
RODATA                00167C  001961  0002E6  00001
DATA                  001962  001C5D  0002FC  00001
INIT                  001C5E  001C5F  000002  00001
BSS                   001C60  001C8E  00002F  00001
ONCE                  001C60  001C86  000027  00001


Exports list by name:
---------------------
BSOUT                     00FFD2 RLA    CHROUT                    00FFD2 RLA    
ENTROPY_GET               00FECF RLA    GETIN                     00FFE4 RLA    
KBDBUF_PEEK               00FEBD RLA    PLOT                      00FFF0 RLA    
__BSS_RUN__               001C60 RLA    __BSS_SIZE__              00002F REA    
__CONSTRUCTOR_COUNT__     000000 REA    __CONSTRUCTOR_TABLE__     001C87 RLA    
__DESTRUCTOR_COUNT__      000000 REA    __DESTRUCTOR_TABLE__      001962 RLA    
__EXEHDR__                000001 REA    __HEADER_LAST__           00080D RLA    
__HIMEM__                 009F00 REA    __LOADADDR__              000001 REA    
__MAIN_SIZE__             0096F3 REA    __MAIN_START__            00080D RLA    
__ONCE_RUN__              001C60 RLA    __STACKSIZE__             000800 REA    
__STARTUP__               000001 REA    __ctype                   0018D7 RLA    
__ctypeidx                0018E2 RLA    __hextab                  0018B3 RLA    
__longminstr              0018C3 RLA    __printf                  000DEF RLA    
__randomize               00150E RLA    __sys                     0010A1 RLA    
_bgcolor                  0011E0 RLA    _cbm_k_bsout              00FFD2 RLA    
_cclearxy                 001140 RLA    _cgetc                    001155 RLA    
_clrscr                   0011BC RLA    _cprintf                  001203 RLA    
_cputc                    001232 RLA    _cputs                    001299 RLA    
_cputsxy                  00128F RLA    _gotoxy                   001301 RLA    
_kbhit                    001337 RLA    _login                    000BF4 RLA    
_ltoa                     001399 RLA    _main                     000848 RLA    
_map_create               000873 RLA    _map_draw                 000A1C RLA    
_map_showAll              0009B0 RLA    _rand                     0014E6 RLA    
_srand                    0014DA RLA    _strlen                   001555 RLA    
_strlower                 00156B RLA    _textcolor                0011CD RLA    
_ultoa                    0013D8 RLA    _vcprintf                 001629 RLA    
addeq0sp                  0010FD RLA    addeqysp                  0010FF RLA    
addysp                    00110F RLA    axlong                    00111C RLA    
axulong                   001122 RLA    callmain                  001129 RLA    
cputdirect                001245 RLA    ctypemaskdirect           0012B6 RLA    
cursor                    001C62 RLA    decax1                    0012D0 RLA    
decsp2                    0012D7 RLA    decsp4                    0012E4 RLA    
decsp6                    0012F1 RLA    donelib                   0011F7 RLA    
gotoxy                    0012FE RLA    incaxy                    00130F RLA    
incsp2                    00131F RLA    incsp4                    00132D RLA    
incsp6                    001332 RLA    initlib                   001C60 RLA    
jmpvec                    001C4F RLA    ldax0sp                   00133C RLA    
ldaxysp                   00133E RLA    negax                     001463 RLA    
negeax                    001345 RLA    plot                      00125E RLA    
popa                      001471 RLA    popax                     001318 RLA    
popptr1                   00147B RLA    popsargsudiv16            001514 RLA    
ptr1                      00002A RLZ    ptr2                      00002C RLZ    
ptr3                      00002E RLZ    ptr4                      000030 RLZ    
push1                     001489 RLA    pusha                     001492 RLA    
pusha0                    0014A6 RLA    pushax                    0014A8 RLA    
pusheax                   00136A RLA    pushw0sp                  0014BE RLA    
pushwysp                  0014C0 RLA    regbank                   000036 RLZ    
sp                        000022 RLZ    sreg                      000024 RLZ    
staspidx                  001534 RLA    stax0sp                   00154A RLA    
staxysp                   00154C RLA    tmp1                      000032 RLZ    
tmp2                      000033 RLZ    tosaddax                  0010E7 RLA    
tosmoda0                  001414 RLA    tosmula0                  001425 RLA    
tosumula0                 001425 RLA    udiv16                    0015A3 RLA    
zerobss                   001659 RLA    


Exports list by value:
----------------------
__CONSTRUCTOR_COUNT__     000000 REA    __DESTRUCTOR_COUNT__      000000 REA    
__EXEHDR__                000001 REA    __LOADADDR__              000001 REA    
__STARTUP__               000001 REA    sp                        000022 RLZ    
sreg                      000024 RLZ    ptr1                      00002A RLZ    
ptr2                      00002C RLZ    ptr3                      00002E RLZ    
__BSS_SIZE__              00002F REA    ptr4                      000030 RLZ    
tmp1                      000032 RLZ    tmp2                      000033 RLZ    
regbank                   000036 RLZ    __STACKSIZE__             000800 REA    
__HEADER_LAST__           00080D RLA    __MAIN_START__            00080D RLA    
_main                     000848 RLA    _map_create               000873 RLA    
_map_showAll              0009B0 RLA    _map_draw                 000A1C RLA    
_login                    000BF4 RLA    __printf                  000DEF RLA    
__sys                     0010A1 RLA    tosaddax                  0010E7 RLA    
addeq0sp                  0010FD RLA    addeqysp                  0010FF RLA    
addysp                    00110F RLA    axlong                    00111C RLA    
axulong                   001122 RLA    callmain                  001129 RLA    
_cclearxy                 001140 RLA    _cgetc                    001155 RLA    
_clrscr                   0011BC RLA    _textcolor                0011CD RLA    
_bgcolor                  0011E0 RLA    donelib                   0011F7 RLA    
_cprintf                  001203 RLA    _cputc                    001232 RLA    
cputdirect                001245 RLA    plot                      00125E RLA    
_cputsxy                  00128F RLA    _cputs                    001299 RLA    
ctypemaskdirect           0012B6 RLA    decax1                    0012D0 RLA    
decsp2                    0012D7 RLA    decsp4                    0012E4 RLA    
decsp6                    0012F1 RLA    gotoxy                    0012FE RLA    
_gotoxy                   001301 RLA    incaxy                    00130F RLA    
popax                     001318 RLA    incsp2                    00131F RLA    
incsp4                    00132D RLA    incsp6                    001332 RLA    
_kbhit                    001337 RLA    ldax0sp                   00133C RLA    
ldaxysp                   00133E RLA    negeax                    001345 RLA    
pusheax                   00136A RLA    _ltoa                     001399 RLA    
_ultoa                    0013D8 RLA    tosmoda0                  001414 RLA    
tosmula0                  001425 RLA    tosumula0                 001425 RLA    
negax                     001463 RLA    popa                      001471 RLA    
popptr1                   00147B RLA    push1                     001489 RLA    
pusha                     001492 RLA    pusha0                    0014A6 RLA    
pushax                    0014A8 RLA    pushw0sp                  0014BE RLA    
pushwysp                  0014C0 RLA    _srand                    0014DA RLA    
_rand                     0014E6 RLA    __randomize               00150E RLA    
popsargsudiv16            001514 RLA    staspidx                  001534 RLA    
stax0sp                   00154A RLA    staxysp                   00154C RLA    
_strlen                   001555 RLA    _strlower                 00156B RLA    
udiv16                    0015A3 RLA    _vcprintf                 001629 RLA    
zerobss                   001659 RLA    __hextab                  0018B3 RLA    
__longminstr              0018C3 RLA    __ctype                   0018D7 RLA    
__ctypeidx                0018E2 RLA    __DESTRUCTOR_TABLE__      001962 RLA    
jmpvec                    001C4F RLA    __ONCE_RUN__              001C60 RLA    
initlib                   001C60 RLA    __BSS_RUN__               001C60 RLA    
cursor                    001C62 RLA    __CONSTRUCTOR_TABLE__     001C87 RLA    
__MAIN_SIZE__             0096F3 REA    __HIMEM__                 009F00 REA    
KBDBUF_PEEK               00FEBD RLA    ENTROPY_GET               00FECF RLA    
BSOUT                     00FFD2 RLA    CHROUT                    00FFD2 RLA    
_cbm_k_bsout              00FFD2 RLA    GETIN                     00FFE4 RLA    
PLOT                      00FFF0 RLA    


Imports list:
-------------
BSOUT (kernal.o):
    c_bsout.o                 cbm/cbm.inc:49
CHROUT (kernal.o):
    crt0.o                    cx16/crt0.s:10
    clrscr.o                  cx16/clrscr.s:10
    c_bsout.o                 cbm/cbm.inc:50
ENTROPY_GET (kernal.o):
    randomize.o               cx16/randomize.s:10
GETIN (kernal.o):
    cgetc.o                   cx16/cgetc.s:10
KBDBUF_PEEK (kernal.o):
    kbhit.o                   cx16/kbhit.s:10
PLOT (kernal.o):
    cputc.o                   cx16/cputc.s:11
__BSS_RUN__ ([linker generated]):
    zerobss.o                 common/zerobss.s:8
__BSS_SIZE__ ([linker generated]):
    zerobss.o                 common/zerobss.s:8
__CONSTRUCTOR_COUNT__ ([linker generated]):
    condes.o                  runtime/condes.s:18
__CONSTRUCTOR_TABLE__ ([linker generated]):
    condes.o                  runtime/condes.s:18
__DESTRUCTOR_COUNT__ ([linker generated]):
    condes.o                  runtime/condes.s:19
__DESTRUCTOR_TABLE__ ([linker generated]):
    condes.o                  runtime/condes.s:19
__EXEHDR__ (exehdr.o):
    [linker generated]        /Users/rje/git/cc65/cfg/cx16.cfg:6
__HEADER_LAST__ ([linker generated]):
    [linker generated]        /Users/rje/git/cc65/cfg/cx16.cfg:14
    [linker generated]        /Users/rje/git/cc65/cfg/cx16.cfg:14
__HIMEM__ ([linker generated]):
    [linker generated]        /Users/rje/git/cc65/cfg/cx16.cfg:15
    [linker generated]        /Users/rje/git/cc65/cfg/cx16.cfg:14
__LOADADDR__ (loadaddr.o):
    [linker generated]        /Users/rje/git/cc65/cfg/cx16.cfg:5
__MAIN_SIZE__ ([linker generated]):
    crt0.o                    cx16/crt0.s:11
__MAIN_START__ ([linker generated]):
    crt0.o                    cx16/crt0.s:11
__ONCE_RUN__ ([linker generated]):
    [linker generated]        /Users/rje/git/cc65/cfg/cx16.cfg:15
    [linker generated]        /Users/rje/git/cc65/cfg/cx16.cfg:15
__STACKSIZE__ ([linker generated]):
    [linker generated]        /Users/rje/git/cc65/cfg/cx16.cfg:15
__STARTUP__ (crt0.o):
    main.o                    main.s:13
__ctype (ctype.o):
    ctypemask.o               common/ctypemask.s:23
__ctypeidx (ctype.o):
    ctypemask.o               common/ctypemask.s:24
__hextab (_hextab.o):
    ltoa.o                    common/ltoa.s:10
__longminstr (_longminstr.o):
    ltoa.o                    common/ltoa.s:10
__printf (_printf.o):
    vcprintf.o                conio/vcprintf.s:9
__randomize (randomize.o):
    map.o                     map.s:14
__sys (_sys.o):
    main.o                    main.s:14
_bgcolor (color.o):
    universal.o               universal.s:20
_cbm_k_bsout (c_bsout.o):
    universal.o               universal.s:13
_cclearxy (cclear.o):
    universal.o               universal.s:21
_cgetc (cgetc.o):
    universal.o               universal.s:18
    map.o                     map.s:19
_clrscr (clrscr.o):
    universal.o               universal.s:14
    map.o                     map.s:15
_cprintf (cprintf.o):
    universal.o               universal.s:17
_cputc (cputc.o):
    vcprintf.o                conio/vcprintf.s:9
    cputs.o                   conio/cputs.s:9
    map.o                     map.s:17
_cputs (cputs.o):
    map.o                     map.s:18
_cputsxy (cputs.o):
    universal.o               universal.s:16
_gotoxy (gotoxy.o):
    universal.o               universal.s:15
    map.o                     map.s:16
_kbhit (kbhit.o):
    cgetc.o                   cx16/cgetc.s:10
_login (universal.o):
    main.o                    main.s:18
_ltoa (ltoa.o):
    _printf.o                 common/_printf.s:12
_main (main.o):
    callmain.o                runtime/callmain.s:11
_map_create (map.o):
    main.o                    main.s:15
_map_draw (map.o):
    main.o                    main.s:17
_map_showAll (map.o):
    main.o                    main.s:16
_rand (rand.o):
    map.o                     map.s:13
_srand (rand.o):
    randomize.o               cx16/randomize.s:10
_strlen (strlen.o):
    _printf.o                 common/_printf.s:13
_strlower (strlower.o):
    _printf.o                 common/_printf.s:13
_textcolor (color.o):
    universal.o               universal.s:19
_ultoa (ltoa.o):
    _printf.o                 common/_printf.s:12
_vcprintf (vcprintf.o):
    cprintf.o                 conio/cprintf.s:8
addeq0sp (addeqsp.o):
    universal.o               universal.s:334
    map.o                     map.s:1117
addeqysp (addeqsp.o):
    map.o                     map.s:1117
addysp (addysp.o):
    incsp6.o                  runtime/incsp6.s:8
    incsp4.o                  runtime/incsp4.s:8
    cprintf.o                 conio/cprintf.s:8
axlong (axlong.o):
    _printf.o                 common/_printf.s:11
axulong (axlong.o):
    _printf.o                 common/_printf.s:11
callmain (callmain.o):
    crt0.o                    cx16/crt0.s:9
cputdirect (cputc.o):
    cclear.o                  cbm/cclear.s:9
ctypemaskdirect (ctypemask.o):
    strlower.o                common/strlower.s:14
cursor (_cursor.o):
    cgetc.o                   cx16/cgetc.s:10
decax1 (decax1.o):
    map.o                     map.s:1117
decsp2 (decsp2.o):
    universal.o               universal.s:334
    map.o                     map.s:1117
    map.o                     map.s:1117
decsp4 (decsp4.o):
    lpush.o                   runtime/lpush.s:12
    map.o                     map.s:1117
decsp6 (decsp6.o):
    _printf.o                 common/_printf.s:11
    main.o                    main.s:90
donelib (condes.o):
    crt0.o                    cx16/crt0.s:8
gotoxy (gotoxy.o):
    cputs.o                   conio/cputs.s:9
    cputc.o                   cx16/cputc.s:11
    cclear.o                  cbm/cclear.s:9
incaxy (incaxy.o):
    map.o                     map.s:1117
incsp2 (incsp2.o):
    staspidx.o                runtime/staspidx.s:8
    popptr1.o                 runtime/popptr1.s:8
    map.o                     map.s:1117
incsp4 (incsp4.o):
    universal.o               universal.s:334
    map.o                     map.s:1117
    map.o                     map.s:1117
incsp6 (incsp6.o):
    universal.o               universal.s:334
    main.o                    main.s:90
initlib (condes.o):
    crt0.o                    cx16/crt0.s:8
jmpvec (jmpvec.o):
    _sys.o                    common/_sys.s:8
ldax0sp (ldaxsp.o):
    universal.o               universal.s:334
    map.o                     map.s:1117
ldaxysp (ldaxsp.o):
    map.o                     map.s:1117
negax (negabs.o):
    shelp.o                   runtime/shelp.s:11
    mod.o                     runtime/mod.s:11
negeax (lneg.o):
    ltoa.o                    common/ltoa.s:9
plot (cputc.o):
    gotoxy.o                  cx16/gotoxy.s:9
popa (popa.o):
    gotoxy.o                  cx16/gotoxy.s:9
popax (incsp2.o):
    ltoa.o                    common/ltoa.s:9
    _printf.o                 common/_printf.s:11
    vcprintf.o                conio/vcprintf.s:8
    shelp.o                   runtime/shelp.s:11
popptr1 (popptr1.o):
    ltoa.o                    common/ltoa.s:9
    vcprintf.o                conio/vcprintf.s:8
    udiv.o                    runtime/udiv.s:9
    mul8.o                    runtime/mul8.s:9
popsargsudiv16 (shelp.o):
    mod.o                     runtime/mod.s:11
ptr1 (zeropage.o):
    strlower.o                common/strlower.s:13
    ltoa.o                    common/ltoa.s:11
    _printf.o                 /Users/rje/git/cc65/asminc/zeropage.inc:12
    zerobss.o                 common/zerobss.s:9
    vcprintf.o                conio/vcprintf.s:10
    udiv.o                    runtime/udiv.s:10
    staspidx.o                runtime/staspidx.s:9
    shelp.o                   runtime/shelp.s:12
    popptr1.o                 runtime/popptr1.s:9
    mul8.o                    runtime/mul8.s:10
    cputs.o                   conio/cputs.s:10
    cprintf.o                 conio/cprintf.s:9
    _sys.o                    common/_sys.s:9
    universal.o               universal.s:11
    map.o                     map.s:11
ptr2 (zeropage.o):
    strlower.o                common/strlower.s:13
    strlen.o                  common/strlen.s:12
    ltoa.o                    common/ltoa.s:11
    _printf.o                 /Users/rje/git/cc65/asminc/zeropage.inc:12
    vcprintf.o                conio/vcprintf.s:10
ptr3 (zeropage.o):
    ltoa.o                    common/ltoa.s:11
    vcprintf.o                conio/vcprintf.s:10
ptr4 (zeropage.o):
    udiv.o                    runtime/udiv.s:10
    shelp.o                   runtime/shelp.s:12
    mul8.o                    runtime/mul8.s:10
push1 (push1.o):
    _printf.o                 common/_printf.s:11
pusha (pusha.o):
    universal.o               universal.s:334
    universal.o               universal.s:334
    map.o                     map.s:1117
    map.o                     map.s:1117
    main.o                    main.s:90
pusha0 (pushax.o):
    push1.o                   runtime/push1.s:8
    universal.o               universal.s:334
    map.o                     map.s:1117
    map.o                     map.s:1117
pushax (pushax.o):
    callmain.o                runtime/callmain.s:11
    _printf.o                 common/_printf.s:11
    vcprintf.o                conio/vcprintf.s:8
    cprintf.o                 conio/cprintf.s:8
    universal.o               universal.s:334
    map.o                     map.s:1117
    main.o                    main.s:90
pusheax (lpush.o):
    _printf.o                 common/_printf.s:11
pushw0sp (pushwsp.o):
    map.o                     map.s:1117
pushwysp (pushwsp.o):
    universal.o               universal.s:334
    map.o                     map.s:1117
regbank (zeropage.o):
    _printf.o                 /Users/rje/git/cc65/asminc/zeropage.inc:14
sp (zeropage.o):
    lpush.o                   runtime/lpush.s:13
    addysp.o                  runtime/addysp.s:8
    _printf.o                 /Users/rje/git/cc65/asminc/zeropage.inc:11
    vcprintf.o                conio/vcprintf.s:10
    staxsp.o                  runtime/staxsp.s:8
    staspidx.o                runtime/staspidx.s:9
    pushwsp.o                 runtime/pushwsp.s:8
    pushax.o                  runtime/pushax.s:8
    pusha.o                   runtime/pusha.s:8
    popptr1.o                 runtime/popptr1.s:9
    popa.o                    runtime/popa.s:8
    ldaxsp.o                  runtime/ldaxsp.s:8
    incsp2.o                  runtime/incsp2.s:8
    decsp6.o                  runtime/decsp6.s:8
    decsp4.o                  runtime/decsp4.s:8
    decsp2.o                  runtime/decsp2.s:8
    crt0.o                    /Users/rje/git/cc65/asminc/zeropage.inc:11
    cprintf.o                 conio/cprintf.s:9
    addeqsp.o                 runtime/addeqsp.s:8
    add.o                     runtime/add.s:12
    universal.o               universal.s:10
    map.o                     map.s:10
    main.o                    main.s:10
sreg (zeropage.o):
    lneg.o                    runtime/lneg.s:11
    ltoa.o                    common/ltoa.s:11
    lpush.o                   runtime/lpush.s:13
    axlong.o                  runtime/axlong.s:9
    _printf.o                 /Users/rje/git/cc65/asminc/zeropage.inc:11
    udiv.o                    runtime/udiv.s:10
    mod.o                     runtime/mod.s:12
staspidx (staspidx.o):
    map.o                     map.s:1117
stax0sp (staxsp.o):
    universal.o               universal.s:334
    map.o                     map.s:1117
staxysp (staxsp.o):
    map.o                     map.s:1117
    main.o                    main.s:90
tmp1 (zeropage.o):
    ltoa.o                    common/ltoa.s:11
    _printf.o                 /Users/rje/git/cc65/asminc/zeropage.inc:13
    vcprintf.o                conio/vcprintf.s:10
    staspidx.o                runtime/staspidx.s:9
    shelp.o                   runtime/shelp.s:12
    mod.o                     runtime/mod.s:12
    incaxy.o                  runtime/incaxy.s:8
    cputs.o                   conio/cputs.s:10
    color.o                   cx16/color.s:11
    cclear.o                  cbm/cclear.s:10
tmp2 (zeropage.o):
    shelp.o                   runtime/shelp.s:12
tosaddax (add.o):
    map.o                     map.s:1117
    map.o                     map.s:1117
tosmoda0 (mod.o):
    map.o                     map.s:1117
tosmula0 (mul8.o):
    map.o                     map.s:1117
tosumula0 (mul8.o):
    map.o                     map.s:1117
    map.o                     map.s:1117
udiv16 (udiv.o):
    shelp.o                   runtime/shelp.s:11
zerobss (zerobss.o):
    crt0.o                    cx16/crt0.s:9

