Modules list:
-------------
main.o:
    CODE              Offs=000000  Size=000CE2  Align=00001  Fill=0000
    RODATA            Offs=000000  Size=00002D  Align=00001  Fill=0000
    BSS               Offs=000000  Size=000060  Align=00001  Fill=0000
    DATA              Offs=000000  Size=0000CC  Align=00001  Fill=0000
sprite.o:
    CODE              Offs=000CE2  Size=000330  Align=00001  Fill=0000
timer.o:
    CODE              Offs=001012  Size=00003F  Align=00001  Fill=0000
    BSS               Offs=000060  Size=000008  Align=00001  Fill=0000
/Users/rje/git/cc65/lib/cx16.lib(_cursor.o):
    BSS               Offs=000068  Size=000001  Align=00001  Fill=0000
/Users/rje/git/cc65/lib/cx16.lib(_oserror.o):
    BSS               Offs=000069  Size=000001  Align=00001  Fill=0000
/Users/rje/git/cc65/lib/cx16.lib(add.o):
    CODE              Offs=001051  Size=000018  Align=00001  Fill=0000
/Users/rje/git/cc65/lib/cx16.lib(addeqsp.o):
    CODE              Offs=001069  Size=000011  Align=00001  Fill=0000
/Users/rje/git/cc65/lib/cx16.lib(addysp.o):
    CODE              Offs=00107A  Size=00000E  Align=00001  Fill=0000
/Users/rje/git/cc65/lib/cx16.lib(aslax1.o):
    CODE              Offs=001088  Size=000008  Align=00001  Fill=0000
/Users/rje/git/cc65/lib/cx16.lib(aslax2.o):
    CODE              Offs=001090  Size=00000B  Align=00001  Fill=0000
/Users/rje/git/cc65/lib/cx16.lib(aslax3.o):
    CODE              Offs=00109B  Size=00000E  Align=00001  Fill=0000
/Users/rje/git/cc65/lib/cx16.lib(aslax4.o):
    CODE              Offs=0010A9  Size=000011  Align=00001  Fill=0000
/Users/rje/git/cc65/lib/cx16.lib(asrax1.o):
    CODE              Offs=0010BA  Size=00000A  Align=00001  Fill=0000
/Users/rje/git/cc65/lib/cx16.lib(asrax4.o):
    CODE              Offs=0010C4  Size=000019  Align=00001  Fill=0000
/Users/rje/git/cc65/lib/cx16.lib(axlong.o):
    CODE              Offs=0010DD  Size=00000D  Align=00001  Fill=0000
/Users/rje/git/cc65/lib/cx16.lib(c_bsout.o):
/Users/rje/git/cc65/lib/cx16.lib(c_load.o):
    CODE              Offs=0010EA  Size=00001D  Align=00001  Fill=0000
/Users/rje/git/cc65/lib/cx16.lib(c_setlfs.o):
    CODE              Offs=001107  Size=00000E  Align=00001  Fill=0000
/Users/rje/git/cc65/lib/cx16.lib(c_setnam.o):
    CODE              Offs=001115  Size=000013  Align=00001  Fill=0000
/Users/rje/git/cc65/lib/cx16.lib(callmain.o):
    CODE              Offs=001128  Size=000017  Align=00001  Fill=0000
    DATA              Offs=0000CC  Size=000004  Align=00001  Fill=0000
/Users/rje/git/cc65/lib/cx16.lib(cgetc.o):
    CODE              Offs=00113F  Size=000067  Align=00001  Fill=0000
/Users/rje/git/cc65/lib/cx16.lib(clrscr.o):
    CODE              Offs=0011A6  Size=000011  Align=00001  Fill=0000
/Users/rje/git/cc65/lib/cx16.lib(color.o):
    CODE              Offs=0011B7  Size=00002A  Align=00001  Fill=0000
/Users/rje/git/cc65/lib/cx16.lib(condes.o):
    CODE              Offs=0011E1  Size=00000C  Align=00001  Fill=0000
    DATA              Offs=0000D0  Size=000025  Align=00001  Fill=0000
    ONCE              Offs=000000  Size=00000C  Align=00001  Fill=0000
/Users/rje/git/cc65/lib/cx16.lib(crt0.o):
    STARTUP           Offs=000000  Size=000021  Align=00001  Fill=0000
    ONCE              Offs=00000C  Size=00001B  Align=00001  Fill=0000
    INIT              Offs=000000  Size=000002  Align=00001  Fill=0000
/Users/rje/git/cc65/lib/cx16.lib(decax1.o):
    CODE              Offs=0011ED  Size=000007  Align=00001  Fill=0000
/Users/rje/git/cc65/lib/cx16.lib(decaxy.o):
    CODE              Offs=0011F4  Size=000009  Align=00001  Fill=0000
/Users/rje/git/cc65/lib/cx16.lib(decsp2.o):
    CODE              Offs=0011FD  Size=00000D  Align=00001  Fill=0000
/Users/rje/git/cc65/lib/cx16.lib(decsp4.o):
    CODE              Offs=00120A  Size=00000D  Align=00001  Fill=0000
/Users/rje/git/cc65/lib/cx16.lib(div.o):
    CODE              Offs=001217  Size=000015  Align=00001  Fill=0000
/Users/rje/git/cc65/lib/cx16.lib(divt.o):
    CODE              Offs=00122C  Size=000015  Align=00001  Fill=0000
/Users/rje/git/cc65/lib/cx16.lib(exehdr.o):
    EXEHDR            Offs=000000  Size=00000C  Align=00001  Fill=0000
/Users/rje/git/cc65/lib/cx16.lib(gettime.o):
    CODE              Offs=001241  Size=00004C  Align=00001  Fill=0000
/Users/rje/git/cc65/lib/cx16.lib(icmp.o):
    CODE              Offs=00128D  Size=00002E  Align=00001  Fill=0000
/Users/rje/git/cc65/lib/cx16.lib(incax2.o):
    CODE              Offs=0012BB  Size=000007  Align=00001  Fill=0000
/Users/rje/git/cc65/lib/cx16.lib(incax6.o):
    CODE              Offs=0012C2  Size=000005  Align=00001  Fill=0000
/Users/rje/git/cc65/lib/cx16.lib(incaxy.o):
    CODE              Offs=0012C7  Size=00000B  Align=00001  Fill=0000
/Users/rje/git/cc65/lib/cx16.lib(incsp1.o):
    CODE              Offs=0012D2  Size=000007  Align=00001  Fill=0000
/Users/rje/git/cc65/lib/cx16.lib(incsp2.o):
    CODE              Offs=0012D9  Size=000015  Align=00001  Fill=0000
/Users/rje/git/cc65/lib/cx16.lib(incsp3.o):
    CODE              Offs=0012EE  Size=000005  Align=00001  Fill=0000
/Users/rje/git/cc65/lib/cx16.lib(incsp4.o):
    CODE              Offs=0012F3  Size=000005  Align=00001  Fill=0000
/Users/rje/git/cc65/lib/cx16.lib(incsp6.o):
    CODE              Offs=0012F8  Size=000005  Align=00001  Fill=0000
/Users/rje/git/cc65/lib/cx16.lib(incsp8.o):
    CODE              Offs=0012FD  Size=000005  Align=00001  Fill=0000
/Users/rje/git/cc65/lib/cx16.lib(kbhit.o):
    CODE              Offs=001302  Size=000005  Align=00001  Fill=0000
/Users/rje/git/cc65/lib/cx16.lib(kernal.o):
/Users/rje/git/cc65/lib/cx16.lib(ladd.o):
    CODE              Offs=001307  Size=000024  Align=00001  Fill=0000
/Users/rje/git/cc65/lib/cx16.lib(ldai.o):
    CODE              Offs=00132B  Size=00000C  Align=00001  Fill=0000
/Users/rje/git/cc65/lib/cx16.lib(ldaxi.o):
    CODE              Offs=001337  Size=00000D  Align=00001  Fill=0000
/Users/rje/git/cc65/lib/cx16.lib(ldaxsp.o):
    CODE              Offs=001344  Size=000009  Align=00001  Fill=0000
/Users/rje/git/cc65/lib/cx16.lib(ldiv.o):
    CODE              Offs=00134D  Size=00001C  Align=00001  Fill=0000
/Users/rje/git/cc65/lib/cx16.lib(lmul.o):
    CODE              Offs=001369  Size=000059  Align=00001  Fill=0000
/Users/rje/git/cc65/lib/cx16.lib(lneg.o):
    CODE              Offs=0013C2  Size=00001E  Align=00001  Fill=0000
/Users/rje/git/cc65/lib/cx16.lib(loadaddr.o):
    LOADADDR          Offs=000000  Size=000002  Align=00001  Fill=0000
/Users/rje/git/cc65/lib/cx16.lib(lpush.o):
    CODE              Offs=0013E0  Size=00001E  Align=00001  Fill=0000
/Users/rje/git/cc65/lib/cx16.lib(lshelp.o):
    CODE              Offs=0013FE  Size=000052  Align=00001  Fill=0000
/Users/rje/git/cc65/lib/cx16.lib(lsub.o):
    CODE              Offs=001450  Size=000024  Align=00001  Fill=0000
/Users/rje/git/cc65/lib/cx16.lib(ludiv.o):
    CODE              Offs=001474  Size=000077  Align=00001  Fill=0000
/Users/rje/git/cc65/lib/cx16.lib(mktime.o):
    CODE              Offs=0014EB  Size=0003D1  Align=00001  Fill=0000
    RODATA            Offs=00002D  Size=00002E  Align=00001  Fill=0000
/Users/rje/git/cc65/lib/cx16.lib(mod.o):
    CODE              Offs=0018BC  Size=000011  Align=00001  Fill=0000
/Users/rje/git/cc65/lib/cx16.lib(mul.o):
    CODE              Offs=0018CD  Size=000045  Align=00001  Fill=0000
/Users/rje/git/cc65/lib/cx16.lib(mul8.o):
    CODE              Offs=001912  Size=00003A  Align=00001  Fill=0000
/Users/rje/git/cc65/lib/cx16.lib(negabs.o):
    CODE              Offs=00194C  Size=000012  Align=00001  Fill=0000
/Users/rje/git/cc65/lib/cx16.lib(popa.o):
    CODE              Offs=00195E  Size=00000A  Align=00001  Fill=0000
/Users/rje/git/cc65/lib/cx16.lib(popptr1.o):
    CODE              Offs=001968  Size=00000E  Align=00001  Fill=0000
/Users/rje/git/cc65/lib/cx16.lib(pusha.o):
    CODE              Offs=001976  Size=000016  Align=00001  Fill=0000
/Users/rje/git/cc65/lib/cx16.lib(pushax.o):
    CODE              Offs=00198C  Size=00001A  Align=00001  Fill=0000
/Users/rje/git/cc65/lib/cx16.lib(pushw.o):
    CODE              Offs=0019A6  Size=00000F  Align=00001  Fill=0000
/Users/rje/git/cc65/lib/cx16.lib(pushwsp.o):
    CODE              Offs=0019B5  Size=00001C  Align=00001  Fill=0000
/Users/rje/git/cc65/lib/cx16.lib(rand.o):
    CODE              Offs=0019D1  Size=000034  Align=00001  Fill=0000
    DATA              Offs=0000F5  Size=000004  Align=00001  Fill=0000
/Users/rje/git/cc65/lib/cx16.lib(regswap2.o):
    CODE              Offs=001A05  Size=000016  Align=00001  Fill=0000
/Users/rje/git/cc65/lib/cx16.lib(return0.o):
    CODE              Offs=001A1B  Size=000004  Align=00001  Fill=0000
/Users/rje/git/cc65/lib/cx16.lib(shelp.o):
    CODE              Offs=001A1F  Size=000020  Align=00001  Fill=0000
/Users/rje/git/cc65/lib/cx16.lib(shrax1.o):
    CODE              Offs=001A3F  Size=000008  Align=00001  Fill=0000
/Users/rje/git/cc65/lib/cx16.lib(shrax2.o):
    CODE              Offs=001A47  Size=00000B  Align=00001  Fill=0000
/Users/rje/git/cc65/lib/cx16.lib(shrax4.o):
    CODE              Offs=001A52  Size=000011  Align=00001  Fill=0000
/Users/rje/git/cc65/lib/cx16.lib(sprites_enable.o):
    CODE              Offs=001A63  Size=00001F  Align=00001  Fill=0000
/Users/rje/git/cc65/lib/cx16.lib(staspidx.o):
    CODE              Offs=001A82  Size=000016  Align=00001  Fill=0000
/Users/rje/git/cc65/lib/cx16.lib(staxsp.o):
    CODE              Offs=001A98  Size=00000B  Align=00001  Fill=0000
/Users/rje/git/cc65/lib/cx16.lib(staxspi.o):
    CODE              Offs=001AA3  Size=00001A  Align=00001  Fill=0000
/Users/rje/git/cc65/lib/cx16.lib(steaxspi.o):
    CODE              Offs=001ABD  Size=000022  Align=00001  Fill=0000
/Users/rje/git/cc65/lib/cx16.lib(subeqsp.o):
    CODE              Offs=001ADF  Size=000015  Align=00001  Fill=0000
/Users/rje/git/cc65/lib/cx16.lib(timezone.o):
    DATA              Offs=0000F9  Size=00000F  Align=00001  Fill=0000
/Users/rje/git/cc65/lib/cx16.lib(tmcommon.o):
    CODE              Offs=001AF4  Size=00000D  Align=00001  Fill=0000
    DATA              Offs=000108  Size=000012  Align=00001  Fill=0000
/Users/rje/git/cc65/lib/cx16.lib(udiv.o):
    CODE              Offs=001B01  Size=00004F  Align=00001  Fill=0000
/Users/rje/git/cc65/lib/cx16.lib(umod.o):
    CODE              Offs=001B50  Size=000011  Align=00001  Fill=0000
/Users/rje/git/cc65/lib/cx16.lib(zerobss.o):
    CODE              Offs=001B61  Size=000023  Align=00001  Fill=0000
/Users/rje/git/cc65/lib/cx16.lib(zeropage.o):
    ZEROPAGE          Offs=000000  Size=00001A  Align=00001  Fill=0000


Segment list:
-------------
Name                   Start     End    Size  Align
----------------------------------------------------
ZEROPAGE              000022  00003B  00001A  00001
LOADADDR              0007FF  000800  000002  00001
EXEHDR                000801  00080C  00000C  00001
STARTUP               00080D  00082D  000021  00001
CODE                  00082E  0023B1  001B84  00001
RODATA                0023B2  00240C  00005B  00001
DATA                  00240D  002526  00011A  00001
INIT                  002527  002528  000002  00001
BSS                   002529  002592  00006A  00001
ONCE                  002529  00254F  000027  00001


Exports list by name:
---------------------
BSOUT                     00FFD2 RLA    CHROUT                    00FFD2 RLA    
CLOCK_GET_DATE_TIME       00FF50 RLA    GETIN                     00FFE4 RLA    
KBDBUF_PEEK               00FEBD RLA    LOAD                      00FFD5 RLA    
SETLFS                    00FFBA RLA    SETNAM                    00FFBD RLA    
TM                        002515 RLA    __BSS_RUN__               002529 RLA    
__BSS_SIZE__              00006A REA    __CONSTRUCTOR_COUNT__     000000 REA    
__CONSTRUCTOR_TABLE__     002550 RLA    __DESTRUCTOR_COUNT__      000000 REA    
__DESTRUCTOR_TABLE__      00240D RLA    __EXEHDR__                000001 REA    
__HEADER_LAST__           00080D RLA    __HIMEM__                 009F00 REA    
__LOADADDR__              000001 REA    __MAIN_SIZE__             0096F3 REA    
__MAIN_START__            00080D RLA    __ONCE_RUN__              002529 RLA    
__STACKSIZE__             000800 REA    __STARTUP__               000001 REA    
__oserror                 002592 RLA    __tz                      002506 RLA    
_bgcolor                  0019F8 RLA    _cbm_k_bsout              00FFD2 RLA    
_cbm_k_load               001918 RLA    _cbm_k_setlfs             001935 RLA    
_cbm_k_setnam             001943 RLA    _cgetc                    00196D RLA    
_clock_gettime            001A6F RLA    _clrscr                   0019D4 RLA    
_div                      001A5A RLA    _kbhit                    001B30 RLA    
_main                     0014BB RLA    _mktime                   001D19 RLA    
_pause_jiffies            001840 RLA    _rand                     00220B RLA    
_sprite_changeBlock       00164D RLA    _sprite_define            001539 RLA    
_sprite_flip              001774 RLA    _sprite_pos               0016A5 RLA    
_vera_sprites_enable      002291 RLA    addeq0sp                  001897 RLA    
addeqysp                  001899 RLA    addysp                    0018A9 RLA    
addysp1                   0018A8 RLA    aslax1                    0018B6 RLA    
aslax2                    0018BE RLA    aslax3                    0018C9 RLA    
aslax4                    0018D7 RLA    asrax1                    0018E8 RLA    
asrax4                    0018F2 RLA    axulong                   001911 RLA    
callmain                  001956 RLA    cursor                    002591 RLA    
decax1                    001A1B RLA    decaxy                    001A22 RLA    
decsp2                    001A2B RLA    decsp4                    001A38 RLA    
donelib                   001A0F RLA    getlop                    001CB1 RLA    
incax2                    001AE9 RLA    incax4                    001AF5 RLA    
incax6                    001AF0 RLA    incaxy                    001AF7 RLA    
incsp1                    001B00 RLA    incsp2                    001B0E RLA    
incsp3                    001B1C RLA    incsp4                    001B21 RLA    
incsp6                    001B26 RLA    incsp8                    001B2B RLA    
initlib                   002529 RLA    ldaidx                    001B59 RLA    
ldax0sp                   001B72 RLA    ldaxi                     001B65 RLA    
ldaxidx                   001B67 RLA    ldaxysp                   001B74 RLA    
load_jiffy                002322 RLA    mul8x16                   002142 RLA    
mul8x16a                  00214C RLA    negax                     00217E RLA    
negeax                    001BF0 RLA    popa                      00218C RLA    
popax                     001B07 RLA    poplsargs                 001C2C RLA    
popptr1                   002196 RLA    popsargsudiv16            00224D RLA    
ptr1                      00002A RLZ    ptr2                      00002C RLZ    
ptr3                      00002E RLZ    ptr4                      000030 RLZ    
push0                     0021BA RLA    pusha                     0021A8 RLA    
pusha0                    0021BC RLA    pushax                    0021BE RLA    
pusheax                   001C15 RLA    pushw                     0021D4 RLA    
pushw0sp                  0021E3 RLA    pushwidx                  0021D6 RLA    
pushwysp                  0021E5 RLA    regbank                   000036 RLZ    
regswap2                  002233 RLA    return0                   002249 RLA    
shrax1                    00226D RLA    shrax2                    002275 RLA    
shrax4                    002280 RLA    sp                        000022 RLZ    
sreg                      000024 RLZ    staspidx                  0022B0 RLA    
stax0sp                   0022C6 RLA    staxspidx                 0022D1 RLA    
staxysp                   0022C8 RLA    steaxspidx                0022EB RLA    
subeq0sp                  00230D RLA    tmp1                      000032 RLZ    
tmp2                      000033 RLZ    tmp3                      000034 RLZ    
tmp4                      000035 RLZ    tosaddax                  001881 RLA    
tosaddeax                 001B3B RLA    tosdiva0                  001A45 RLA    
tosdivax                  001A47 RLA    tosdiveax                 001B81 RLA    
tosicmp                   001ABD RLA    tosmodax                  0020EC RLA    
tosmul0ax                 001B97 RLA    tosmula0                  002140 RLA    
tossubeax                 001C82 RLA    tosumoda0                 00237E RLA    
tosumodax                 002380 RLA    tosumul0ax                001B97 RLA    
tosumula0                 002140 RLA    tosumulax                 0020FB RLA    
tosumuleax                001B9B RLA    udiv16                    002340 RLA    
udiv32                    001CD4 RLA    zerobss                   00238F RLA    



Exports list by value:
----------------------
__CONSTRUCTOR_COUNT__     000000 REA    __DESTRUCTOR_COUNT__      000000 REA    
__STARTUP__               000001 REA    __LOADADDR__              000001 REA    
__EXEHDR__                000001 REA    sp                        000022 RLZ    
sreg                      000024 RLZ    ptr1                      00002A RLZ    
ptr2                      00002C RLZ    ptr3                      00002E RLZ    
ptr4                      000030 RLZ    tmp1                      000032 RLZ    
tmp2                      000033 RLZ    tmp3                      000034 RLZ    
tmp4                      000035 RLZ    regbank                   000036 RLZ    
__BSS_SIZE__              00006A REA    __STACKSIZE__             000800 REA    
__MAIN_START__            00080D RLA    __HEADER_LAST__           00080D RLA    
_main                     0014BB RLA    _sprite_define            001539 RLA    
_sprite_changeBlock       00164D RLA    _sprite_pos               0016A5 RLA    
_sprite_flip              001774 RLA    _pause_jiffies            001840 RLA    
tosaddax                  001881 RLA    addeq0sp                  001897 RLA    
addeqysp                  001899 RLA    addysp1                   0018A8 RLA    
addysp                    0018A9 RLA    aslax1                    0018B6 RLA    
aslax2                    0018BE RLA    aslax3                    0018C9 RLA    
aslax4                    0018D7 RLA    asrax1                    0018E8 RLA    
asrax4                    0018F2 RLA    axulong                   001911 RLA    
_cbm_k_load               001918 RLA    _cbm_k_setlfs             001935 RLA    
_cbm_k_setnam             001943 RLA    callmain                  001956 RLA    
_cgetc                    00196D RLA    _clrscr                   0019D4 RLA    
_bgcolor                  0019F8 RLA    donelib                   001A0F RLA    
decax1                    001A1B RLA    decaxy                    001A22 RLA    
decsp2                    001A2B RLA    decsp4                    001A38 RLA    
tosdiva0                  001A45 RLA    tosdivax                  001A47 RLA    
_div                      001A5A RLA    _clock_gettime            001A6F RLA    
tosicmp                   001ABD RLA    incax2                    001AE9 RLA    
incax6                    001AF0 RLA    incax4                    001AF5 RLA    
incaxy                    001AF7 RLA    incsp1                    001B00 RLA    
popax                     001B07 RLA    incsp2                    001B0E RLA    
incsp3                    001B1C RLA    incsp4                    001B21 RLA    
incsp6                    001B26 RLA    incsp8                    001B2B RLA    
_kbhit                    001B30 RLA    tosaddeax                 001B3B RLA    
ldaidx                    001B59 RLA    ldaxi                     001B65 RLA    
ldaxidx                   001B67 RLA    ldax0sp                   001B72 RLA    
ldaxysp                   001B74 RLA    tosdiveax                 001B81 RLA    
tosmul0ax                 001B97 RLA    tosumul0ax                001B97 RLA    
tosumuleax                001B9B RLA    negeax                    001BF0 RLA    
pusheax                   001C15 RLA    poplsargs                 001C2C RLA    
tossubeax                 001C82 RLA    getlop                    001CB1 RLA    
udiv32                    001CD4 RLA    _mktime                   001D19 RLA    
tosmodax                  0020EC RLA    tosumulax                 0020FB RLA    
tosmula0                  002140 RLA    tosumula0                 002140 RLA    
mul8x16                   002142 RLA    mul8x16a                  00214C RLA    
negax                     00217E RLA    popa                      00218C RLA    
popptr1                   002196 RLA    pusha                     0021A8 RLA    
push0                     0021BA RLA    pusha0                    0021BC RLA    
pushax                    0021BE RLA    pushw                     0021D4 RLA    
pushwidx                  0021D6 RLA    pushw0sp                  0021E3 RLA    
pushwysp                  0021E5 RLA    _rand                     00220B RLA    
regswap2                  002233 RLA    return0                   002249 RLA    
popsargsudiv16            00224D RLA    shrax1                    00226D RLA    
shrax2                    002275 RLA    shrax4                    002280 RLA    
_vera_sprites_enable      002291 RLA    staspidx                  0022B0 RLA    
stax0sp                   0022C6 RLA    staxysp                   0022C8 RLA    
staxspidx                 0022D1 RLA    steaxspidx                0022EB RLA    
subeq0sp                  00230D RLA    load_jiffy                002322 RLA    
udiv16                    002340 RLA    tosumoda0                 00237E RLA    
tosumodax                 002380 RLA    zerobss                   00238F RLA    
__DESTRUCTOR_TABLE__      00240D RLA    __tz                      002506 RLA    
TM                        002515 RLA    __ONCE_RUN__              002529 RLA    
__BSS_RUN__               002529 RLA    initlib                   002529 RLA    
__CONSTRUCTOR_TABLE__     002550 RLA    cursor                    002591 RLA    
__oserror                 002592 RLA    __MAIN_SIZE__             0096F3 REA    
__HIMEM__                 009F00 REA    KBDBUF_PEEK               00FEBD RLA    
CLOCK_GET_DATE_TIME       00FF50 RLA    SETLFS                    00FFBA RLA    
SETNAM                    00FFBD RLA    CHROUT                    00FFD2 RLA    
_cbm_k_bsout              00FFD2 RLA    BSOUT                     00FFD2 RLA    
LOAD                      00FFD5 RLA    GETIN                     00FFE4 RLA    



Imports list:
-------------
BSOUT (kernal.o):
    c_bsout.o                 cbm/cbm.inc:49
CHROUT (kernal.o):
    crt0.o                    cx16/crt0.s:10
    clrscr.o                  cx16/clrscr.s:10
    c_bsout.o                 cbm/cbm.inc:50
CLOCK_GET_DATE_TIME (kernal.o):
    gettime.o                 cx16/gettime.s:12
GETIN (kernal.o):
    cgetc.o                   cx16/cgetc.s:10
KBDBUF_PEEK (kernal.o):
    kbhit.o                   cx16/kbhit.s:10
LOAD (kernal.o):
    c_load.o                  cbm/cbm.inc:37
SETLFS (kernal.o):
    c_setlfs.o                cbm/cbm.inc:33
SETNAM (kernal.o):
    c_setnam.o                cbm/cbm.inc:34
TM (tmcommon.o):
    gettime.o                 cx16/gettime.s:11
__BSS_RUN__ ([linker generated]):
    zerobss.o                 common/zerobss.s:8
__BSS_SIZE__ ([linker generated]):
    zerobss.o                 common/zerobss.s:8
__CONSTRUCTOR_COUNT__ ([linker generated]):
    condes.o                  runtime/condes.s:18
__CONSTRUCTOR_TABLE__ ([linker generated]):
    condes.o                  runtime/condes.s:18
__DESTRUCTOR_COUNT__ ([linker generated]):
    condes.o                  runtime/condes.s:19
__DESTRUCTOR_TABLE__ ([linker generated]):
    condes.o                  runtime/condes.s:19
__EXEHDR__ (exehdr.o):
    [linker generated]        /Users/rje/git/cc65/cfg/cx16.cfg:6
__HEADER_LAST__ ([linker generated]):
    [linker generated]        /Users/rje/git/cc65/cfg/cx16.cfg:14
    [linker generated]        /Users/rje/git/cc65/cfg/cx16.cfg:14
__HIMEM__ ([linker generated]):
    [linker generated]        /Users/rje/git/cc65/cfg/cx16.cfg:15
    [linker generated]        /Users/rje/git/cc65/cfg/cx16.cfg:14
__LOADADDR__ (loadaddr.o):
    [linker generated]        /Users/rje/git/cc65/cfg/cx16.cfg:5
__MAIN_SIZE__ ([linker generated]):
    crt0.o                    cx16/crt0.s:11
__MAIN_START__ ([linker generated]):
    crt0.o                    cx16/crt0.s:11
__ONCE_RUN__ ([linker generated]):
    [linker generated]        /Users/rje/git/cc65/cfg/cx16.cfg:15
    [linker generated]        /Users/rje/git/cc65/cfg/cx16.cfg:15
__STACKSIZE__ ([linker generated]):
    [linker generated]        /Users/rje/git/cc65/cfg/cx16.cfg:15
__STARTUP__ (crt0.o):
    main.o                    main.s:13
__oserror (_oserror.o):
    c_load.o                  cbm/c_load.s:10
__tz (timezone.o):
    mktime.o                  ../libwrk/cx16/mktime.s:15
_bgcolor (color.o):
    main.o                    main.s:23
_cbm_k_bsout (c_bsout.o):
    main.o                    main.s:16
_cbm_k_load (c_load.o):
    sprite.o                  sprite.s:13
    main.o                    main.s:17
_cbm_k_setlfs (c_setlfs.o):
    sprite.o                  sprite.s:14
    main.o                    main.s:18
_cbm_k_setnam (c_setnam.o):
    sprite.o                  sprite.s:15
    main.o                    main.s:19
_cgetc (cgetc.o):
    main.o                    main.s:22
_clock_gettime (gettime.o):
    timer.o                   timer.s:13
_clrscr (clrscr.o):
    main.o                    main.s:20
_div (divt.o):
    mktime.o                  ../libwrk/cx16/mktime.s:13
_kbhit (kbhit.o):
    cgetc.o                   cx16/cgetc.s:10
    main.o                    main.s:21
_main (main.o):
    callmain.o                runtime/callmain.s:11
_mktime (mktime.o):
    gettime.o                 /Users/rje/git/cc65/asminc/time.inc:68
_pause_jiffies (timer.o):
    main.o                    main.s:28
_rand (rand.o):
    main.o                    main.s:14
_sprite_changeBlock (sprite.o):
    main.o                    main.s:25
_sprite_define (sprite.o):
    main.o                    main.s:24
_sprite_flip (sprite.o):
    main.o                    main.s:27
_sprite_pos (sprite.o):
    main.o                    main.s:26
_vera_sprites_enable (sprites_enable.o):
    main.o                    main.s:15
addeq0sp (addeqsp.o):
    sprite.o                  sprite.s:497
    main.o                    main.s:1926
addeqysp (addeqsp.o):
    main.o                    main.s:1926
addysp (addysp.o):
    mktime.o                  ../libwrk/cx16/mktime.s:614
    incsp8.o                  runtime/incsp8.s:8
    incsp6.o                  runtime/incsp6.s:8
    incsp4.o                  runtime/incsp4.s:8
    incsp3.o                  runtime/incsp3.s:8
    main.o                    main.s:1926
    main.o                    main.s:1926
    main.o                    main.s:1926
addysp1 (addysp.o):
    lsub.o                    runtime/lsub.s:11
    ladd.o                    runtime/ladd.s:8
    ludiv.o                   runtime/ludiv.s:9
    lmul.o                    runtime/lmul.s:9
aslax1 (aslax1.o):
    mktime.o                  ../libwrk/cx16/mktime.s:614
    main.o                    main.s:1926
    main.o                    main.s:1926
    main.o                    main.s:1926
    main.o                    main.s:1926
    main.o                    main.s:1926
aslax2 (aslax2.o):
    main.o                    main.s:1926
    main.o                    main.s:1926
aslax3 (aslax3.o):
    sprite.o                  sprite.s:497
    sprite.o                  sprite.s:497
    sprite.o                  sprite.s:497
    sprite.o                  sprite.s:497
    sprite.o                  sprite.s:497
aslax4 (aslax4.o):
    main.o                    main.s:1926
    main.o                    main.s:1926
asrax1 (asrax1.o):
    sprite.o                  sprite.s:497
    sprite.o                  sprite.s:497
    main.o                    main.s:1926
    main.o                    main.s:1926
asrax4 (asrax4.o):
    sprite.o                  sprite.s:497
    sprite.o                  sprite.s:497
    main.o                    main.s:1926
    main.o                    main.s:1926
axulong (axlong.o):
    mktime.o                  ../libwrk/cx16/mktime.s:614
callmain (callmain.o):
    crt0.o                    cx16/crt0.s:9
cursor (_cursor.o):
    cgetc.o                   cx16/cgetc.s:10
decax1 (decax1.o):
    mktime.o                  ../libwrk/cx16/mktime.s:614
decaxy (decaxy.o):
    mktime.o                  ../libwrk/cx16/mktime.s:614
    main.o                    main.s:1926
decsp2 (decsp2.o):
    main.o                    main.s:1926
    main.o                    main.s:1926
decsp4 (decsp4.o):
    mktime.o                  ../libwrk/cx16/mktime.s:614
    lpush.o                   runtime/lpush.s:12
    main.o                    main.s:1926
    main.o                    main.s:1926
donelib (condes.o):
    crt0.o                    cx16/crt0.s:8
getlop (ludiv.o):
    lshelp.o                  runtime/lshelp.s:11
incax2 (incax2.o):
    sprite.o                  sprite.s:497
incax4 (incaxy.o):
    mktime.o                  ../libwrk/cx16/mktime.s:614
incax6 (incax6.o):
    sprite.o                  sprite.s:497
    sprite.o                  sprite.s:497
incaxy (incaxy.o):
    incax6.o                  runtime/incax6.s:8
    main.o                    main.s:1926
    main.o                    main.s:1926
    main.o                    main.s:1926
incsp1 (incsp1.o):
    gettime.o                 cx16/gettime.s:10
    sprite.o                  sprite.s:497
    main.o                    main.s:1926
incsp2 (incsp2.o):
    staxspi.o                 runtime/staxspi.s:9
    staspidx.o                runtime/staspidx.s:8
    popptr1.o                 runtime/popptr1.s:8
    mktime.o                  ../libwrk/cx16/mktime.s:614
    timer.o                   timer.s:74
    sprite.o                  sprite.s:497
    main.o                    main.s:1926
incsp3 (incsp3.o):
    sprite.o                  sprite.s:497
    sprite.o                  sprite.s:497
    sprite.o                  sprite.s:497
    sprite.o                  sprite.s:497
incsp4 (incsp4.o):
    sprite.o                  sprite.s:497
    main.o                    main.s:1926
    main.o                    main.s:1926
    main.o                    main.s:1926
incsp6 (incsp6.o):
    main.o                    main.s:1926
incsp8 (incsp8.o):
    main.o                    main.s:1926
    main.o                    main.s:1926
initlib (condes.o):
    crt0.o                    cx16/crt0.s:8
ldaidx (ldai.o):
    sprite.o                  sprite.s:497
ldax0sp (ldaxsp.o):
    mktime.o                  ../libwrk/cx16/mktime.s:614
    sprite.o                  sprite.s:497
    sprite.o                  sprite.s:497
    sprite.o                  sprite.s:497
    sprite.o                  sprite.s:497
    sprite.o                  sprite.s:497
    main.o                    main.s:1926
    main.o                    main.s:1926
    main.o                    main.s:1926
    main.o                    main.s:1926
    main.o                    main.s:1926
    main.o                    main.s:1926
ldaxi (ldaxi.o):
    mktime.o                  ../libwrk/cx16/mktime.s:614
    sprite.o                  sprite.s:497
    sprite.o                  sprite.s:497
    main.o                    main.s:1926
    main.o                    main.s:1926
    main.o                    main.s:1926
    main.o                    main.s:1926
ldaxidx (ldaxi.o):
    sprite.o                  sprite.s:497
    sprite.o                  sprite.s:497
    main.o                    main.s:1926
    main.o                    main.s:1926
    main.o                    main.s:1926
    main.o                    main.s:1926
ldaxysp (ldaxsp.o):
    mktime.o                  ../libwrk/cx16/mktime.s:614
    sprite.o                  sprite.s:497
    main.o                    main.s:1926
    main.o                    main.s:1926
    main.o                    main.s:1926
    main.o                    main.s:1926
    main.o                    main.s:1926
    main.o                    main.s:1926
    main.o                    main.s:1926
    main.o                    main.s:1926
load_jiffy (tmcommon.o):
    gettime.o                 cx16/gettime.s:11
mul8x16 (mul8.o):
    mul.o                     runtime/mul.s:8
mul8x16a (mul8.o):
    mul.o                     runtime/mul.s:8
negax (negabs.o):
    divt.o                    common/divt.s:17
    shelp.o                   runtime/shelp.s:11
    mod.o                     runtime/mod.s:11
    div.o                     runtime/div.s:11
negeax (lneg.o):
    ldiv.o                    runtime/ldiv.s:11
popa (popa.o):
    c_setlfs.o                cbm/c_setlfs.s:12
    c_load.o                  cbm/c_load.s:11
popax (incsp2.o):
    shelp.o                   runtime/shelp.s:11
poplsargs (lshelp.o):
    ldiv.o                    runtime/ldiv.s:11
popptr1 (popptr1.o):
    umod.o                    runtime/umod.s:8
    udiv.o                    runtime/udiv.s:9
    steaxspi.o                runtime/steaxspi.s:9
    mul8.o                    runtime/mul8.s:9
    mul.o                     runtime/mul.s:9
popsargsudiv16 (shelp.o):
    mod.o                     runtime/mod.s:11
    div.o                     runtime/div.s:11
ptr1 (zeropage.o):
    zerobss.o                 common/zerobss.s:9
    udiv.o                    runtime/udiv.s:10
    steaxspi.o                runtime/steaxspi.s:10
    staxspi.o                 runtime/staxspi.s:10
    staspidx.o                runtime/staspidx.s:9
    shelp.o                   runtime/shelp.s:12
    pushw.o                   runtime/pushw.s:9
    popptr1.o                 runtime/popptr1.s:9
    mul8.o                    runtime/mul8.s:10
    mul.o                     runtime/mul.s:10
    mktime.o                  ../libwrk/cx16/mktime.s:11
    ludiv.o                   runtime/ludiv.s:10
    lshelp.o                  runtime/lshelp.s:12
    lmul.o                    runtime/lmul.s:10
    ldiv.o                    runtime/ldiv.s:12
    ldaxi.o                   runtime/ldaxi.s:8
    ldai.o                    runtime/ldai.s:8
    div.o                     runtime/div.s:12
    c_setnam.o                cbm/c_setnam.s:10
    c_load.o                  cbm/c_load.s:12
    sprite.o                  sprite.s:11
    main.o                    main.s:11
ptr2 (zeropage.o):
    ludiv.o                   runtime/ludiv.s:10
ptr3 (zeropage.o):
    ludiv.o                   runtime/ludiv.s:10
    lshelp.o                  runtime/lshelp.s:12
    lmul.o                    runtime/lmul.s:10
ptr4 (zeropage.o):
    umod.o                    runtime/umod.s:9
    udiv.o                    runtime/udiv.s:10
    shelp.o                   runtime/shelp.s:12
    mul8.o                    runtime/mul8.s:10
    mul.o                     runtime/mul.s:10
    ludiv.o                   runtime/ludiv.s:10
    lshelp.o                  runtime/lshelp.s:12
    lmul.o                    runtime/lmul.s:10
push0 (pushax.o):
    main.o                    main.s:1926
    main.o                    main.s:1926
pusha (pusha.o):
    timer.o                   timer.s:74
    sprite.o                  sprite.s:497
    sprite.o                  sprite.s:497
    main.o                    main.s:1926
    main.o                    main.s:1926
    main.o                    main.s:1926
    main.o                    main.s:1926
    main.o                    main.s:1926
    main.o                    main.s:1926
    main.o                    main.s:1926
    main.o                    main.s:1926
    main.o                    main.s:1926
    main.o                    main.s:1926
pusha0 (pushax.o):
    main.o                    main.s:1926
    main.o                    main.s:1926
    main.o                    main.s:1926
pushax (pushax.o):
    callmain.o                runtime/callmain.s:11
    pushw.o                   runtime/pushw.s:8
    mktime.o                  ../libwrk/cx16/mktime.s:614
    mktime.o                  ../libwrk/cx16/mktime.s:614
    gettime.o                 cx16/gettime.s:10
    timer.o                   timer.s:74
    sprite.o                  sprite.s:497
    sprite.o                  sprite.s:497
    sprite.o                  sprite.s:497
    sprite.o                  sprite.s:497
    sprite.o                  sprite.s:497
    sprite.o                  sprite.s:497
    main.o                    main.s:1926
    main.o                    main.s:1926
    main.o                    main.s:1926
    main.o                    main.s:1926
    main.o                    main.s:1926
    main.o                    main.s:1926
    main.o                    main.s:1926
    main.o                    main.s:1926
    main.o                    main.s:1926
pusheax (lpush.o):
    mktime.o                  ../libwrk/cx16/mktime.s:614
    gettime.o                 cx16/gettime.s:10
    timer.o                   timer.s:74
pushw (pushw.o):
    main.o                    main.s:1926
    main.o                    main.s:1926
    main.o                    main.s:1926
pushw0sp (pushwsp.o):
    mktime.o                  ../libwrk/cx16/mktime.s:614
    main.o                    main.s:1926
    main.o                    main.s:1926
pushwidx (pushw.o):
    main.o                    main.s:1926
pushwysp (pushwsp.o):
    main.o                    main.s:1926
    main.o                    main.s:1926
    main.o                    main.s:1926
    main.o                    main.s:1926
    main.o                    main.s:1926
    main.o                    main.s:1926
    main.o                    main.s:1926
regbank (zeropage.o):
    regswap2.o                runtime/regswap2.s:8
    mktime.o                  ../libwrk/cx16/mktime.s:10
regswap2 (regswap2.o):
    mktime.o                  ../libwrk/cx16/mktime.s:614
return0 (return0.o):
    gettime.o                 cx16/gettime.s:10
shrax1 (shrax1.o):
    sprite.o                  sprite.s:497
    sprite.o                  sprite.s:497
shrax2 (shrax2.o):
    mktime.o                  ../libwrk/cx16/mktime.s:614
shrax4 (shrax4.o):
    sprite.o                  sprite.s:497
    sprite.o                  sprite.s:497
sp (zeropage.o):
    lsub.o                    runtime/lsub.s:12
    ladd.o                    runtime/ladd.s:9
    icmp.o                    runtime/icmp.s:9
    subeqsp.o                 runtime/subeqsp.s:8
    staxspi.o                 runtime/staxspi.s:10
    staxsp.o                  runtime/staxsp.s:8
    staspidx.o                runtime/staspidx.s:9
    regswap2.o                runtime/regswap2.s:8
    pushwsp.o                 runtime/pushwsp.s:8
    pushax.o                  runtime/pushax.s:8
    pusha.o                   runtime/pusha.s:8
    popptr1.o                 runtime/popptr1.s:9
    popa.o                    runtime/popa.s:8
    mktime.o                  ../libwrk/cx16/mktime.s:10
    ludiv.o                   runtime/ludiv.s:10
    lpush.o                   runtime/lpush.s:13
    lmul.o                    runtime/lmul.s:10
    ldaxsp.o                  runtime/ldaxsp.s:8
    incsp2.o                  runtime/incsp2.s:8
    incsp1.o                  runtime/incsp1.s:8
    decsp4.o                  runtime/decsp4.s:8
    decsp2.o                  runtime/decsp2.s:8
    crt0.o                    /Users/rje/git/cc65/asminc/zeropage.inc:11
    addysp.o                  runtime/addysp.s:8
    addeqsp.o                 runtime/addeqsp.s:8
    add.o                     runtime/add.s:12
    sprite.o                  sprite.s:10
    main.o                    main.s:10
sreg (zeropage.o):
    lsub.o                    runtime/lsub.s:12
    ladd.o                    runtime/ladd.s:9
    icmp.o                    runtime/icmp.s:9
    divt.o                    common/divt.s:18
    axlong.o                  runtime/axlong.s:9
    umod.o                    runtime/umod.s:9
    udiv.o                    runtime/udiv.s:10
    tmcommon.o                cx16/tmcommon.s:9
    steaxspi.o                runtime/steaxspi.s:10
    mod.o                     runtime/mod.s:12
    mktime.o                  ../libwrk/cx16/mktime.s:10
    ludiv.o                   runtime/ludiv.s:10
    lshelp.o                  runtime/lshelp.s:12
    lpush.o                   runtime/lpush.s:13
    lneg.o                    runtime/lneg.s:11
    lmul.o                    runtime/lmul.s:10
    ldiv.o                    runtime/ldiv.s:12
    timer.o                   timer.s:10
    sprite.o                  sprite.s:10
    main.o                    main.s:10
staspidx (staspidx.o):
    main.o                    main.s:1926
stax0sp (staxsp.o):
    mktime.o                  ../libwrk/cx16/mktime.s:614
    main.o                    main.s:1926
    main.o                    main.s:1926
    main.o                    main.s:1926
staxspidx (staxspi.o):
    mktime.o                  ../libwrk/cx16/mktime.s:614
    main.o                    main.s:1926
    main.o                    main.s:1926
    main.o                    main.s:1926
    main.o                    main.s:1926
    main.o                    main.s:1926
    main.o                    main.s:1926
staxysp (staxsp.o):
    mktime.o                  ../libwrk/cx16/mktime.s:614
    main.o                    main.s:1926
    main.o                    main.s:1926
    main.o                    main.s:1926
steaxspidx (steaxspi.o):
    gettime.o                 cx16/gettime.s:10
subeq0sp (subeqsp.o):
    timer.o                   timer.s:74
tmp1 (zeropage.o):
    ladd.o                    runtime/ladd.s:9
    divt.o                    common/divt.s:18
    steaxspi.o                runtime/steaxspi.s:10
    staxspi.o                 runtime/staxspi.s:10
    staspidx.o                runtime/staspidx.s:9
    shrax4.o                  runtime/shrax4.s:8
    shrax2.o                  runtime/shrax2.s:8
    shrax1.o                  runtime/shrax1.s:8
    shelp.o                   runtime/shelp.s:12
    mul.o                     runtime/mul.s:10
    mod.o                     runtime/mod.s:12
    mktime.o                  ../libwrk/cx16/mktime.s:11
    lshelp.o                  runtime/lshelp.s:12
    ldiv.o                    runtime/ldiv.s:12
    incaxy.o                  runtime/incaxy.s:8
    div.o                     runtime/div.s:12
    decaxy.o                  runtime/decaxy.s:8
    color.o                   cx16/color.s:11
    c_setlfs.o                cbm/c_setlfs.s:13
    asrax4.o                  runtime/asrax4.s:9
    asrax1.o                  runtime/asrax1.s:8
    aslax4.o                  runtime/aslax4.s:8
    aslax3.o                  runtime/aslax3.s:8
    aslax2.o                  runtime/aslax2.s:8
    aslax1.o                  runtime/aslax1.s:8
    timer.o                   timer.s:11
tmp2 (zeropage.o):
    steaxspi.o                runtime/steaxspi.s:10
    shelp.o                   runtime/shelp.s:12
    lshelp.o                  runtime/lshelp.s:12
    lmul.o                    runtime/lmul.s:10
    ldiv.o                    runtime/ldiv.s:12
    div.o                     runtime/div.s:12
tmp3 (zeropage.o):
    steaxspi.o                runtime/steaxspi.s:10
    ludiv.o                   runtime/ludiv.s:10
    lmul.o                    runtime/lmul.s:10
tmp4 (zeropage.o):
    ludiv.o                   runtime/ludiv.s:10
    lmul.o                    runtime/lmul.s:10
tosaddax (add.o):
    main.o                    main.s:1926
    main.o                    main.s:1926
    main.o                    main.s:1926
tosaddeax (ladd.o):
    mktime.o                  ../libwrk/cx16/mktime.s:614
tosdiva0 (div.o):
    main.o                    main.s:1926
    main.o                    main.s:1926
    main.o                    main.s:1926
tosdivax (div.o):
    divt.o                    common/divt.s:17
tosdiveax (ldiv.o):
    timer.o                   timer.s:74
tosicmp (icmp.o):
    mktime.o                  ../libwrk/cx16/mktime.s:614
tosmodax (mod.o):
    main.o                    main.s:1926
tosmul0ax (lmul.o):
    gettime.o                 cx16/gettime.s:10
tosmula0 (mul8.o):
    main.o                    main.s:1926
    main.o                    main.s:1926
    main.o                    main.s:1926
    main.o                    main.s:1926
    main.o                    main.s:1926
    main.o                    main.s:1926
tossubeax (lsub.o):
    mktime.o                  ../libwrk/cx16/mktime.s:614
tosumoda0 (umod.o):
    mktime.o                  ../libwrk/cx16/mktime.s:614
    mktime.o                  ../libwrk/cx16/mktime.s:614
tosumodax (umod.o):
    mktime.o                  ../libwrk/cx16/mktime.s:614
tosumul0ax (lmul.o):
    mktime.o                  ../libwrk/cx16/mktime.s:614
tosumula0 (mul8.o):
    mktime.o                  ../libwrk/cx16/mktime.s:614
tosumulax (mul.o):
    mktime.o                  ../libwrk/cx16/mktime.s:614
tosumuleax (lmul.o):
    mktime.o                  ../libwrk/cx16/mktime.s:614
udiv16 (udiv.o):
    umod.o                    runtime/umod.s:8
    shelp.o                   runtime/shelp.s:11
udiv32 (ludiv.o):
    ldiv.o                    runtime/ldiv.s:11
zerobss (zerobss.o):
    crt0.o                    cx16/crt0.s:9

