Modules list:
-------------
main.o:
    CODE              Offs=000000  Size=0003A8  Align=00001  Fill=0000
    RODATA            Offs=000000  Size=000013  Align=00001  Fill=0000
    BSS               Offs=000000  Size=000038  Align=00001  Fill=0000
sprite.o:
    CODE              Offs=0003A8  Size=000330  Align=00001  Fill=0000
PSG.o:
    CODE              Offs=0006D8  Size=000090  Align=00001  Fill=0000
    DATA              Offs=000000  Size=00006C  Align=00001  Fill=0000
timer.o:
    CODE              Offs=000768  Size=000074  Align=00001  Fill=0000
    BSS               Offs=000038  Size=000008  Align=00001  Fill=0000
/Users/rje/git/cc65/lib/cx16.lib(_cursor.o):
    BSS               Offs=000040  Size=000001  Align=00001  Fill=0000
/Users/rje/git/cc65/lib/cx16.lib(_hextab.o):
    RODATA            Offs=000013  Size=000010  Align=00001  Fill=0000
/Users/rje/git/cc65/lib/cx16.lib(_longminstr.o):
    RODATA            Offs=000023  Size=00000C  Align=00001  Fill=0000
/Users/rje/git/cc65/lib/cx16.lib(_oserror.o):
    BSS               Offs=000041  Size=000001  Align=00001  Fill=0000
/Users/rje/git/cc65/lib/cx16.lib(_printf.o):
    CODE              Offs=0007DC  Size=0003A5  Align=00001  Fill=0000
    BSS               Offs=000042  Size=00002B  Align=00001  Fill=0000
    DATA              Offs=00006C  Size=000003  Align=00001  Fill=0000
/Users/rje/git/cc65/lib/cx16.lib(add.o):
    CODE              Offs=000B81  Size=000018  Align=00001  Fill=0000
/Users/rje/git/cc65/lib/cx16.lib(addeqsp.o):
    CODE              Offs=000B99  Size=000011  Align=00001  Fill=0000
/Users/rje/git/cc65/lib/cx16.lib(addysp.o):
    CODE              Offs=000BAA  Size=00000E  Align=00001  Fill=0000
/Users/rje/git/cc65/lib/cx16.lib(aslax1.o):
    CODE              Offs=000BB8  Size=000008  Align=00001  Fill=0000
/Users/rje/git/cc65/lib/cx16.lib(aslax3.o):
    CODE              Offs=000BC0  Size=00000E  Align=00001  Fill=0000
/Users/rje/git/cc65/lib/cx16.lib(aslax4.o):
    CODE              Offs=000BCE  Size=000011  Align=00001  Fill=0000
/Users/rje/git/cc65/lib/cx16.lib(asrax1.o):
    CODE              Offs=000BDF  Size=00000A  Align=00001  Fill=0000
/Users/rje/git/cc65/lib/cx16.lib(asrax2.o):
    CODE              Offs=000BE9  Size=00000F  Align=00001  Fill=0000
/Users/rje/git/cc65/lib/cx16.lib(asrax4.o):
    CODE              Offs=000BF8  Size=000019  Align=00001  Fill=0000
/Users/rje/git/cc65/lib/cx16.lib(axlong.o):
    CODE              Offs=000C11  Size=00000D  Align=00001  Fill=0000
/Users/rje/git/cc65/lib/cx16.lib(c_bsout.o):
/Users/rje/git/cc65/lib/cx16.lib(c_load.o):
    CODE              Offs=000C1E  Size=00001D  Align=00001  Fill=0000
/Users/rje/git/cc65/lib/cx16.lib(c_setlfs.o):
    CODE              Offs=000C3B  Size=00000E  Align=00001  Fill=0000
/Users/rje/git/cc65/lib/cx16.lib(c_setnam.o):
    CODE              Offs=000C49  Size=000013  Align=00001  Fill=0000
/Users/rje/git/cc65/lib/cx16.lib(callmain.o):
    CODE              Offs=000C5C  Size=000017  Align=00001  Fill=0000
    DATA              Offs=00006F  Size=000004  Align=00001  Fill=0000
/Users/rje/git/cc65/lib/cx16.lib(cgetc.o):
    CODE              Offs=000C73  Size=000067  Align=00001  Fill=0000
/Users/rje/git/cc65/lib/cx16.lib(clock.o):
    CODE              Offs=000CDA  Size=00000F  Align=00001  Fill=0000
/Users/rje/git/cc65/lib/cx16.lib(clrscr.o):
    CODE              Offs=000CE9  Size=000011  Align=00001  Fill=0000
/Users/rje/git/cc65/lib/cx16.lib(color.o):
    CODE              Offs=000CFA  Size=00002A  Align=00001  Fill=0000
/Users/rje/git/cc65/lib/cx16.lib(condes.o):
    CODE              Offs=000D24  Size=00000C  Align=00001  Fill=0000
    DATA              Offs=000073  Size=000025  Align=00001  Fill=0000
    ONCE              Offs=000000  Size=00000C  Align=00001  Fill=0000
/Users/rje/git/cc65/lib/cx16.lib(cprintf.o):
    CODE              Offs=000D30  Size=00002A  Align=00001  Fill=0000
    BSS               Offs=00006D  Size=000001  Align=00001  Fill=0000
/Users/rje/git/cc65/lib/cx16.lib(cputc.o):
    CODE              Offs=000D5A  Size=000062  Align=00001  Fill=0000
    RODATA            Offs=00002F  Size=000008  Align=00001  Fill=0000
/Users/rje/git/cc65/lib/cx16.lib(crt0.o):
    STARTUP           Offs=000000  Size=000021  Align=00001  Fill=0000
    ONCE              Offs=00000C  Size=00001B  Align=00001  Fill=0000
    INIT              Offs=000000  Size=000002  Align=00001  Fill=0000
/Users/rje/git/cc65/lib/cx16.lib(ctype.o):
    RODATA            Offs=000037  Size=00008B  Align=00001  Fill=0000
/Users/rje/git/cc65/lib/cx16.lib(ctypemask.o):
    CODE              Offs=000DBC  Size=00001E  Align=00001  Fill=0000
/Users/rje/git/cc65/lib/cx16.lib(decax1.o):
    CODE              Offs=000DDA  Size=000007  Align=00001  Fill=0000
/Users/rje/git/cc65/lib/cx16.lib(decaxy.o):
    CODE              Offs=000DE1  Size=000009  Align=00001  Fill=0000
/Users/rje/git/cc65/lib/cx16.lib(decsp2.o):
    CODE              Offs=000DEA  Size=00000D  Align=00001  Fill=0000
/Users/rje/git/cc65/lib/cx16.lib(decsp4.o):
    CODE              Offs=000DF7  Size=00000D  Align=00001  Fill=0000
/Users/rje/git/cc65/lib/cx16.lib(decsp6.o):
    CODE              Offs=000E04  Size=00000D  Align=00001  Fill=0000
/Users/rje/git/cc65/lib/cx16.lib(div.o):
    CODE              Offs=000E11  Size=000015  Align=00001  Fill=0000
/Users/rje/git/cc65/lib/cx16.lib(divt.o):
    CODE              Offs=000E26  Size=000015  Align=00001  Fill=0000
/Users/rje/git/cc65/lib/cx16.lib(exehdr.o):
    EXEHDR            Offs=000000  Size=00000C  Align=00001  Fill=0000
/Users/rje/git/cc65/lib/cx16.lib(gettime.o):
    CODE              Offs=000E3B  Size=00004C  Align=00001  Fill=0000
/Users/rje/git/cc65/lib/cx16.lib(gotoxy.o):
    CODE              Offs=000E87  Size=00000F  Align=00001  Fill=0000
/Users/rje/git/cc65/lib/cx16.lib(icmp.o):
    CODE              Offs=000E96  Size=00002E  Align=00001  Fill=0000
/Users/rje/git/cc65/lib/cx16.lib(incax2.o):
    CODE              Offs=000EC4  Size=000007  Align=00001  Fill=0000
/Users/rje/git/cc65/lib/cx16.lib(incax6.o):
    CODE              Offs=000ECB  Size=000005  Align=00001  Fill=0000
/Users/rje/git/cc65/lib/cx16.lib(incax8.o):
    CODE              Offs=000ED0  Size=000005  Align=00001  Fill=0000
/Users/rje/git/cc65/lib/cx16.lib(incaxy.o):
    CODE              Offs=000ED5  Size=00000B  Align=00001  Fill=0000
/Users/rje/git/cc65/lib/cx16.lib(incsp1.o):
    CODE              Offs=000EE0  Size=000007  Align=00001  Fill=0000
/Users/rje/git/cc65/lib/cx16.lib(incsp2.o):
    CODE              Offs=000EE7  Size=000015  Align=00001  Fill=0000
/Users/rje/git/cc65/lib/cx16.lib(incsp3.o):
    CODE              Offs=000EFC  Size=000005  Align=00001  Fill=0000
/Users/rje/git/cc65/lib/cx16.lib(incsp4.o):
    CODE              Offs=000F01  Size=000005  Align=00001  Fill=0000
/Users/rje/git/cc65/lib/cx16.lib(incsp6.o):
    CODE              Offs=000F06  Size=000005  Align=00001  Fill=0000
/Users/rje/git/cc65/lib/cx16.lib(kbhit.o):
    CODE              Offs=000F0B  Size=000005  Align=00001  Fill=0000
/Users/rje/git/cc65/lib/cx16.lib(kernal.o):
/Users/rje/git/cc65/lib/cx16.lib(ladd.o):
    CODE              Offs=000F10  Size=000024  Align=00001  Fill=0000
/Users/rje/git/cc65/lib/cx16.lib(lcmp.o):
    CODE              Offs=000F34  Size=00003B  Align=00001  Fill=0000
/Users/rje/git/cc65/lib/cx16.lib(ldai.o):
    CODE              Offs=000F6F  Size=00000C  Align=00001  Fill=0000
/Users/rje/git/cc65/lib/cx16.lib(ldaxi.o):
    CODE              Offs=000F7B  Size=00000D  Align=00001  Fill=0000
/Users/rje/git/cc65/lib/cx16.lib(ldaxsp.o):
    CODE              Offs=000F88  Size=000009  Align=00001  Fill=0000
/Users/rje/git/cc65/lib/cx16.lib(ldeaxysp.o):
    CODE              Offs=000F91  Size=000013  Align=00001  Fill=0000
/Users/rje/git/cc65/lib/cx16.lib(ldiv.o):
    CODE              Offs=000FA4  Size=00001C  Align=00001  Fill=0000
/Users/rje/git/cc65/lib/cx16.lib(lmul.o):
    CODE              Offs=000FC0  Size=000059  Align=00001  Fill=0000
/Users/rje/git/cc65/lib/cx16.lib(lneg.o):
    CODE              Offs=001019  Size=00001E  Align=00001  Fill=0000
/Users/rje/git/cc65/lib/cx16.lib(loadaddr.o):
    LOADADDR          Offs=000000  Size=000002  Align=00001  Fill=0000
/Users/rje/git/cc65/lib/cx16.lib(lpush.o):
    CODE              Offs=001037  Size=00001E  Align=00001  Fill=0000
/Users/rje/git/cc65/lib/cx16.lib(lshelp.o):
    CODE              Offs=001055  Size=000052  Align=00001  Fill=0000
/Users/rje/git/cc65/lib/cx16.lib(lsub.o):
    CODE              Offs=0010A7  Size=000024  Align=00001  Fill=0000
/Users/rje/git/cc65/lib/cx16.lib(ltoa.o):
    CODE              Offs=0010CB  Size=000093  Align=00001  Fill=0000
/Users/rje/git/cc65/lib/cx16.lib(ludiv.o):
    CODE              Offs=00115E  Size=000077  Align=00001  Fill=0000
/Users/rje/git/cc65/lib/cx16.lib(lult.o):
    CODE              Offs=0011D5  Size=000006  Align=00001  Fill=0000
/Users/rje/git/cc65/lib/cx16.lib(makebool.o):
    CODE              Offs=0011DB  Size=00002C  Align=00001  Fill=0000
/Users/rje/git/cc65/lib/cx16.lib(memcpy.o):
    CODE              Offs=001207  Size=00003C  Align=00001  Fill=0000
/Users/rje/git/cc65/lib/cx16.lib(mktime.o):
    CODE              Offs=001243  Size=0003D1  Align=00001  Fill=0000
    RODATA            Offs=0000C2  Size=00002E  Align=00001  Fill=0000
/Users/rje/git/cc65/lib/cx16.lib(mod.o):
    CODE              Offs=001614  Size=000011  Align=00001  Fill=0000
/Users/rje/git/cc65/lib/cx16.lib(mul.o):
    CODE              Offs=001625  Size=000045  Align=00001  Fill=0000
/Users/rje/git/cc65/lib/cx16.lib(mul8.o):
    CODE              Offs=00166A  Size=00003A  Align=00001  Fill=0000
/Users/rje/git/cc65/lib/cx16.lib(negabs.o):
    CODE              Offs=0016A4  Size=000012  Align=00001  Fill=0000
/Users/rje/git/cc65/lib/cx16.lib(popa.o):
    CODE              Offs=0016B6  Size=00000A  Align=00001  Fill=0000
/Users/rje/git/cc65/lib/cx16.lib(popptr1.o):
    CODE              Offs=0016C0  Size=00000E  Align=00001  Fill=0000
/Users/rje/git/cc65/lib/cx16.lib(push1.o):
    CODE              Offs=0016CE  Size=000005  Align=00001  Fill=0000
/Users/rje/git/cc65/lib/cx16.lib(pusha.o):
    CODE              Offs=0016D3  Size=000016  Align=00001  Fill=0000
/Users/rje/git/cc65/lib/cx16.lib(pushax.o):
    CODE              Offs=0016E9  Size=00001A  Align=00001  Fill=0000
/Users/rje/git/cc65/lib/cx16.lib(pushw.o):
    CODE              Offs=001703  Size=00000F  Align=00001  Fill=0000
/Users/rje/git/cc65/lib/cx16.lib(pushwsp.o):
    CODE              Offs=001712  Size=00001C  Align=00001  Fill=0000
/Users/rje/git/cc65/lib/cx16.lib(regswap2.o):
    CODE              Offs=00172E  Size=000016  Align=00001  Fill=0000
/Users/rje/git/cc65/lib/cx16.lib(return0.o):
    CODE              Offs=001744  Size=000004  Align=00001  Fill=0000
/Users/rje/git/cc65/lib/cx16.lib(shelp.o):
    CODE              Offs=001748  Size=000020  Align=00001  Fill=0000
/Users/rje/git/cc65/lib/cx16.lib(shrax1.o):
    CODE              Offs=001768  Size=000008  Align=00001  Fill=0000
/Users/rje/git/cc65/lib/cx16.lib(shrax2.o):
    CODE              Offs=001770  Size=00000B  Align=00001  Fill=0000
/Users/rje/git/cc65/lib/cx16.lib(shrax4.o):
    CODE              Offs=00177B  Size=000011  Align=00001  Fill=0000
/Users/rje/git/cc65/lib/cx16.lib(sprites_enable.o):
    CODE              Offs=00178C  Size=00001F  Align=00001  Fill=0000
/Users/rje/git/cc65/lib/cx16.lib(staspidx.o):
    CODE              Offs=0017AB  Size=000016  Align=00001  Fill=0000
/Users/rje/git/cc65/lib/cx16.lib(staxsp.o):
    CODE              Offs=0017C1  Size=00000B  Align=00001  Fill=0000
/Users/rje/git/cc65/lib/cx16.lib(staxspi.o):
    CODE              Offs=0017CC  Size=00001A  Align=00001  Fill=0000
/Users/rje/git/cc65/lib/cx16.lib(steaxspi.o):
    CODE              Offs=0017E6  Size=000022  Align=00001  Fill=0000
/Users/rje/git/cc65/lib/cx16.lib(strlen.o):
    CODE              Offs=001808  Size=000016  Align=00001  Fill=0000
/Users/rje/git/cc65/lib/cx16.lib(strlower.o):
    CODE              Offs=00181E  Size=000027  Align=00001  Fill=0000
/Users/rje/git/cc65/lib/cx16.lib(sub.o):
    CODE              Offs=001845  Size=000014  Align=00001  Fill=0000
/Users/rje/git/cc65/lib/cx16.lib(timezone.o):
    DATA              Offs=000098  Size=00000F  Align=00001  Fill=0000
/Users/rje/git/cc65/lib/cx16.lib(tmcommon.o):
    CODE              Offs=001859  Size=00000D  Align=00001  Fill=0000
    DATA              Offs=0000A7  Size=000012  Align=00001  Fill=0000
/Users/rje/git/cc65/lib/cx16.lib(udiv.o):
    CODE              Offs=001866  Size=00004F  Align=00001  Fill=0000
/Users/rje/git/cc65/lib/cx16.lib(umod.o):
    CODE              Offs=0018B5  Size=000011  Align=00001  Fill=0000
/Users/rje/git/cc65/lib/cx16.lib(vcprintf.o):
    CODE              Offs=0018C6  Size=000078  Align=00001  Fill=0000
    DATA              Offs=0000B9  Size=000008  Align=00001  Fill=0000
/Users/rje/git/cc65/lib/cx16.lib(zerobss.o):
    CODE              Offs=00193E  Size=000023  Align=00001  Fill=0000
/Users/rje/git/cc65/lib/cx16.lib(zeropage.o):
    ZEROPAGE          Offs=000000  Size=00001A  Align=00001  Fill=0000


Segment list:
-------------
Name                   Start     End    Size  Align
----------------------------------------------------
ZEROPAGE              000022  00003B  00001A  00001
LOADADDR              0007FF  000800  000002  00001
EXEHDR                000801  00080C  00000C  00001
STARTUP               00080D  00082D  000021  00001
CODE                  00082E  00218E  001961  00001
RODATA                00218F  00227E  0000F0  00001
DATA                  00227F  00233F  0000C1  00001
INIT                  002340  002341  000002  00001
BSS                   002342  0023AF  00006E  00001
ONCE                  002342  00236A  000029  00001


Exports list by name:
---------------------
BSOUT                     00FFD2 RLA    CHROUT                    00FFD2 RLA    
CLOCK_GET_DATE_TIME       00FF50 RLA    GETIN                     00FFE4 RLA    
KBDBUF_PEEK               00FEBD RLA    LOAD                      00FFD5 RLA    
PLOT                      00FFF0 RLA    RDTIM                     00FFDE RLA    
SETLFS                    00FFBA RLA    SETNAM                    00FFBD RLA    
SETTIM                    00FFDB RLA    TM                        002326 RLA    
__BSS_RUN__               002342 RLA    __BSS_SIZE__              00006E REA    
__CONSTRUCTOR_COUNT__     000001 REA    __CONSTRUCTOR_TABLE__     002369 RLA    
__DESTRUCTOR_COUNT__      000000 REA    __DESTRUCTOR_TABLE__      00227F RLA    
__EXEHDR__                000001 REA    __HEADER_LAST__           00080D RLA    
__HIMEM__                 009F00 REA    __LOADADDR__              000001 REA    
__MAIN_SIZE__             0096F3 REA    __MAIN_START__            00080D RLA    
__ONCE_RUN__              002342 RLA    __STACKSIZE__             000800 REA    
__STARTUP__               000001 REA    __ctype                   0021C6 RLA    
__ctypeidx                0021D1 RLA    __hextab                  0021A2 RLA    
__longminstr              0021B2 RLA    __oserror                 002383 RLA    
__printf                  0010FD RLA    __tz                      002317 RLA    
_bgcolor                  00153B RLA    _cbm_k_bsout              00FFD2 RLA    
_cbm_k_load               00144C RLA    _cbm_k_setlfs             001469 RLA    
_cbm_k_setnam             001477 RLA    _cgetc                    0014A1 RLA    
_clock                    00150F RLA    _clock_gettime            001669 RLA    
_clrscr                   001517 RLA    _cprintf                  00155E RLA    
_cputc                    00158D RLA    _div                      001654 RLA    
_gotoxy                   0016B8 RLA    _kbhit                    001739 RLA    
_ltoa                     001911 RLA    _main                     000B84 RLA    
_memcpy                   001A35 RLA    _mktime                   001A71 RLA    
_pause_jiffies            000F96 RLA    _sprite_define            000BFF RLA    
_sprite_pos               000D6B RLA    _strlen                   002036 RLA    
_strlower                 00204C RLA    _ultoa                    001950 RLA    
_vcprintf                 00213C RLA    _vera_sprites_enable      001FBA RLA    
addeq0sp                  0013C7 RLA    addysp                    0013D9 RLA    
addysp1                   0013D8 RLA    aslax1                    0013E6 RLA    
aslax3                    0013EE RLA    asrax1                    00140D RLA    
asrax2                    001417 RLA    asrax4                    001426 RLA    
axlong                    00143F RLA    axulong                   001445 RLA    
boolult                   001A28 RLA    callmain                  00148A RLA    
ctypemaskdirect           0015EE RLA    cursor                    002382 RLA    
decax1                    001608 RLA    decaxy                    00160F RLA    
decsp2                    001618 RLA    decsp4                    001625 RLA    
decsp6                    001632 RLA    donelib                   001552 RLA    
getlop                    00199B RLA    gotoxy                    0016B5 RLA    
incax2                    0016F2 RLA    incax4                    001703 RLA    
incax6                    0016F9 RLA    incax8                    0016FE RLA    
incaxy                    001705 RLA    incsp1                    00170E RLA    
incsp2                    00171C RLA    incsp3                    00172A RLA    
incsp4                    00172F RLA    incsp6                    001734 RLA    
initclock                 001508  LAI   initlib                   002342 RLA    
ldaidx                    00179D RLA    ldax0sp                   0017B6 RLA    
ldaxi                     0017A9 RLA    ldaxidx                   0017AB RLA    
ldaxysp                   0017B8 RLA    ldeaxysp                  0017C1 RLA    
load_jiffy                002087 RLA    mul8x16                   001E9A RLA    
mul8x16a                  001EA4 RLA    negax                     001ED6 RLA    
negeax                    001847 RLA    plot                      0015B9 RLA    
popa                      001EE4 RLA    popax                     001715 RLA    
poplsargs                 001883 RLA    popptr1                   001EEE RLA    
popsargsudiv16            001F76 RLA    ptr1                      00002A RLZ    
ptr2                      00002C RLZ    ptr3                      00002E RLZ    
ptr4                      000030 RLZ    push1                     001EFC RLA    
pusha                     001F05 RLA    pusha0                    001F19 RLA    
pushax                    001F1B RLA    pusheax                   00186C RLA    
pushw0sp                  001F40 RLA    pushwidx                  001F33 RLA    
regbank                   000036 RLZ    regswap2                  001F5C RLA    
return0                   001F72 RLA    shlax4                    0013FC RLA    
shrax1                    001F96 RLA    shrax2                    001F9E RLA    
shrax4                    001FA9 RLA    sp                        000022 RLZ    
sreg                      000024 RLZ    staspidx                  001FD9 RLA    
stax0sp                   001FEF RLA    staxspidx                 001FFA RLA    
staxysp                   001FF1 RLA    steaxspidx                002014 RLA    
tmp1                      000032 RLZ    tmp2                      000033 RLZ    
tmp3                      000034 RLZ    tmp4                      000035 RLZ    
tosaddax                  0013B1 RLA    tosaddeax                 001744 RLA    
tosdiva0                  00163F RLA    tosdivax                  001641 RLA    
tosdiveax                 0017D8 RLA    tosicmp                   0016C6 RLA    
toslcmp                   001762 RLA    tosmoda0                  001E42 RLA    
tosmul0ax                 0017EE RLA    tossubax                  002075 RLA    
tossubeax                 0018D9 RLA    tosulteax                 001A03 RLA    
tosumoda0                 0020E3 RLA    tosumodax                 0020E5 RLA    
tosumul0ax                0017EE RLA    tosumula0                 001E98 RLA    
tosumulax                 001E53 RLA    tosumuleax                0017F2 RLA    
udiv16                    0020A5 RLA    udiv32                    0019BE RLA    
zerobss                   00216C RLA    


Exports list by value:
----------------------
__DESTRUCTOR_COUNT__      000000 REA    __CONSTRUCTOR_COUNT__     000001 REA    
__EXEHDR__                000001 REA    __LOADADDR__              000001 REA    
__STARTUP__               000001 REA    sp                        000022 RLZ    
sreg                      000024 RLZ    ptr1                      00002A RLZ    
ptr2                      00002C RLZ    ptr3                      00002E RLZ    
ptr4                      000030 RLZ    tmp1                      000032 RLZ    
tmp2                      000033 RLZ    tmp3                      000034 RLZ    
tmp4                      000035 RLZ    regbank                   000036 RLZ    
__BSS_SIZE__              00006E REA    __STACKSIZE__             000800 REA    
__HEADER_LAST__           00080D RLA    __MAIN_START__            00080D RLA    
_main                     000B84 RLA    _sprite_define            000BFF RLA    
_sprite_pos               000D6B RLA    _pause_jiffies            000F96 RLA    
__printf                  0010FD RLA    tosaddax                  0013B1 RLA    
addeq0sp                  0013C7 RLA    addysp1                   0013D8 RLA    
addysp                    0013D9 RLA    aslax1                    0013E6 RLA    
aslax3                    0013EE RLA    shlax4                    0013FC RLA    
asrax1                    00140D RLA    asrax2                    001417 RLA    
asrax4                    001426 RLA    axlong                    00143F RLA    
axulong                   001445 RLA    _cbm_k_load               00144C RLA    
_cbm_k_setlfs             001469 RLA    _cbm_k_setnam             001477 RLA    
callmain                  00148A RLA    _cgetc                    0014A1 RLA    
initclock                 001508  LAI   _clock                    00150F RLA    
_clrscr                   001517 RLA    _bgcolor                  00153B RLA    
donelib                   001552 RLA    _cprintf                  00155E RLA    
_cputc                    00158D RLA    plot                      0015B9 RLA    
ctypemaskdirect           0015EE RLA    decax1                    001608 RLA    
decaxy                    00160F RLA    decsp2                    001618 RLA    
decsp4                    001625 RLA    decsp6                    001632 RLA    
tosdiva0                  00163F RLA    tosdivax                  001641 RLA    
_div                      001654 RLA    _clock_gettime            001669 RLA    
gotoxy                    0016B5 RLA    _gotoxy                   0016B8 RLA    
tosicmp                   0016C6 RLA    incax2                    0016F2 RLA    
incax6                    0016F9 RLA    incax8                    0016FE RLA    
incax4                    001703 RLA    incaxy                    001705 RLA    
incsp1                    00170E RLA    popax                     001715 RLA    
incsp2                    00171C RLA    incsp3                    00172A RLA    
incsp4                    00172F RLA    incsp6                    001734 RLA    
_kbhit                    001739 RLA    tosaddeax                 001744 RLA    
toslcmp                   001762 RLA    ldaidx                    00179D RLA    
ldaxi                     0017A9 RLA    ldaxidx                   0017AB RLA    
ldax0sp                   0017B6 RLA    ldaxysp                   0017B8 RLA    
ldeaxysp                  0017C1 RLA    tosdiveax                 0017D8 RLA    
tosumul0ax                0017EE RLA    tosmul0ax                 0017EE RLA    
tosumuleax                0017F2 RLA    negeax                    001847 RLA    
pusheax                   00186C RLA    poplsargs                 001883 RLA    
tossubeax                 0018D9 RLA    _ltoa                     001911 RLA    
_ultoa                    001950 RLA    getlop                    00199B RLA    
udiv32                    0019BE RLA    tosulteax                 001A03 RLA    
boolult                   001A28 RLA    _memcpy                   001A35 RLA    
_mktime                   001A71 RLA    tosmoda0                  001E42 RLA    
tosumulax                 001E53 RLA    tosumula0                 001E98 RLA    
mul8x16                   001E9A RLA    mul8x16a                  001EA4 RLA    
negax                     001ED6 RLA    popa                      001EE4 RLA    
popptr1                   001EEE RLA    push1                     001EFC RLA    
pusha                     001F05 RLA    pusha0                    001F19 RLA    
pushax                    001F1B RLA    pushwidx                  001F33 RLA    
pushw0sp                  001F40 RLA    regswap2                  001F5C RLA    
return0                   001F72 RLA    popsargsudiv16            001F76 RLA    
shrax1                    001F96 RLA    shrax2                    001F9E RLA    
shrax4                    001FA9 RLA    _vera_sprites_enable      001FBA RLA    
staspidx                  001FD9 RLA    stax0sp                   001FEF RLA    
staxysp                   001FF1 RLA    staxspidx                 001FFA RLA    
steaxspidx                002014 RLA    _strlen                   002036 RLA    
_strlower                 00204C RLA    tossubax                  002075 RLA    
load_jiffy                002087 RLA    udiv16                    0020A5 RLA    
tosumoda0                 0020E3 RLA    tosumodax                 0020E5 RLA    
_vcprintf                 00213C RLA    zerobss                   00216C RLA    
__hextab                  0021A2 RLA    __longminstr              0021B2 RLA    
__ctype                   0021C6 RLA    __ctypeidx                0021D1 RLA    
__DESTRUCTOR_TABLE__      00227F RLA    __tz                      002317 RLA    
TM                        002326 RLA    initlib                   002342 RLA    
__BSS_RUN__               002342 RLA    __ONCE_RUN__              002342 RLA    
__CONSTRUCTOR_TABLE__     002369 RLA    cursor                    002382 RLA    
__oserror                 002383 RLA    __MAIN_SIZE__             0096F3 REA    
__HIMEM__                 009F00 REA    KBDBUF_PEEK               00FEBD RLA    
CLOCK_GET_DATE_TIME       00FF50 RLA    SETLFS                    00FFBA RLA    
SETNAM                    00FFBD RLA    CHROUT                    00FFD2 RLA    
BSOUT                     00FFD2 RLA    _cbm_k_bsout              00FFD2 RLA    
LOAD                      00FFD5 RLA    SETTIM                    00FFDB RLA    
RDTIM                     00FFDE RLA    GETIN                     00FFE4 RLA    
PLOT                      00FFF0 RLA    


Imports list:
-------------
BSOUT (kernal.o):
    c_bsout.o                 cbm/cbm.inc:49
CHROUT (kernal.o):
    crt0.o                    cx16/crt0.s:10
    clrscr.o                  cx16/clrscr.s:10
    c_bsout.o                 cbm/cbm.inc:50
CLOCK_GET_DATE_TIME (kernal.o):
    gettime.o                 cx16/gettime.s:12
GETIN (kernal.o):
    cgetc.o                   cx16/cgetc.s:10
KBDBUF_PEEK (kernal.o):
    kbhit.o                   cx16/kbhit.s:10
LOAD (kernal.o):
    c_load.o                  cbm/cbm.inc:37
PLOT (kernal.o):
    cputc.o                   cx16/cputc.s:11
RDTIM (kernal.o):
    clock.o                   cx16/clock.s:11
SETLFS (kernal.o):
    c_setlfs.o                cbm/cbm.inc:33
SETNAM (kernal.o):
    c_setnam.o                cbm/cbm.inc:34
SETTIM (kernal.o):
    clock.o                   cx16/clock.s:11
TM (tmcommon.o):
    gettime.o                 cx16/gettime.s:11
__BSS_RUN__ ([linker generated]):
    zerobss.o                 common/zerobss.s:8
__BSS_SIZE__ ([linker generated]):
    zerobss.o                 common/zerobss.s:8
__CONSTRUCTOR_COUNT__ ([linker generated]):
    condes.o                  runtime/condes.s:18
__CONSTRUCTOR_TABLE__ ([linker generated]):
    condes.o                  runtime/condes.s:18
__DESTRUCTOR_COUNT__ ([linker generated]):
    condes.o                  runtime/condes.s:19
__DESTRUCTOR_TABLE__ ([linker generated]):
    condes.o                  runtime/condes.s:19
__EXEHDR__ (exehdr.o):
    [linker generated]        /Users/rje/git/cc65/cfg/cx16.cfg:6
__HEADER_LAST__ ([linker generated]):
    [linker generated]        /Users/rje/git/cc65/cfg/cx16.cfg:14
    [linker generated]        /Users/rje/git/cc65/cfg/cx16.cfg:14
__HIMEM__ ([linker generated]):
    [linker generated]        /Users/rje/git/cc65/cfg/cx16.cfg:15
    [linker generated]        /Users/rje/git/cc65/cfg/cx16.cfg:14
__LOADADDR__ (loadaddr.o):
    [linker generated]        /Users/rje/git/cc65/cfg/cx16.cfg:5
__MAIN_SIZE__ ([linker generated]):
    crt0.o                    cx16/crt0.s:11
__MAIN_START__ ([linker generated]):
    crt0.o                    cx16/crt0.s:11
__ONCE_RUN__ ([linker generated]):
    [linker generated]        /Users/rje/git/cc65/cfg/cx16.cfg:15
    [linker generated]        /Users/rje/git/cc65/cfg/cx16.cfg:15
__STACKSIZE__ ([linker generated]):
    [linker generated]        /Users/rje/git/cc65/cfg/cx16.cfg:15
__STARTUP__ (crt0.o):
    main.o                    main.s:13
__ctype (ctype.o):
    ctypemask.o               common/ctypemask.s:23
__ctypeidx (ctype.o):
    ctypemask.o               common/ctypemask.s:24
__hextab (_hextab.o):
    ltoa.o                    common/ltoa.s:10
__longminstr (_longminstr.o):
    ltoa.o                    common/ltoa.s:10
__oserror (_oserror.o):
    c_load.o                  cbm/c_load.s:10
__printf (_printf.o):
    vcprintf.o                conio/vcprintf.s:9
__tz (timezone.o):
    mktime.o                  ../libwrk/cx16/mktime.s:15
_bgcolor (color.o):
    main.o                    main.s:24
_cbm_k_bsout (c_bsout.o):
    main.o                    main.s:15
_cbm_k_load (c_load.o):
    sprite.o                  sprite.s:13
    main.o                    main.s:16
_cbm_k_setlfs (c_setlfs.o):
    sprite.o                  sprite.s:14
    main.o                    main.s:17
_cbm_k_setnam (c_setnam.o):
    sprite.o                  sprite.s:15
    main.o                    main.s:18
_cgetc (cgetc.o):
    main.o                    main.s:23
_clock (clock.o):
    timer.o                   timer.s:13
_clock_gettime (gettime.o):
    timer.o                   timer.s:14
_clrscr (clrscr.o):
    main.o                    main.s:19
_cprintf (cprintf.o):
    main.o                    main.s:22
_cputc (cputc.o):
    vcprintf.o                conio/vcprintf.s:9
_div (divt.o):
    mktime.o                  ../libwrk/cx16/mktime.s:13
_gotoxy (gotoxy.o):
    main.o                    main.s:21
_kbhit (kbhit.o):
    cgetc.o                   cx16/cgetc.s:10
    main.o                    main.s:20
_ltoa (ltoa.o):
    _printf.o                 common/_printf.s:12
_main (main.o):
    callmain.o                runtime/callmain.s:11
_memcpy (memcpy.o):
    main.o                    main.s:566
_mktime (mktime.o):
    gettime.o                 /Users/rje/git/cc65/asminc/time.inc:68
_pause_jiffies (timer.o):
    main.o                    main.s:27
_sprite_define (sprite.o):
    main.o                    main.s:25
_sprite_pos (sprite.o):
    main.o                    main.s:26
_strlen (strlen.o):
    _printf.o                 common/_printf.s:13
_strlower (strlower.o):
    _printf.o                 common/_printf.s:13
_ultoa (ltoa.o):
    _printf.o                 common/_printf.s:12
_vcprintf (vcprintf.o):
    cprintf.o                 conio/cprintf.s:8
_vera_sprites_enable (sprites_enable.o):
    main.o                    main.s:14
addeq0sp (addeqsp.o):
    sprite.o                  sprite.s:497
addysp (addysp.o):
    mktime.o                  ../libwrk/cx16/mktime.s:614
    incsp6.o                  runtime/incsp6.s:8
    incsp4.o                  runtime/incsp4.s:8
    incsp3.o                  runtime/incsp3.s:8
    cprintf.o                 conio/cprintf.s:8
addysp1 (addysp.o):
    lsub.o                    runtime/lsub.s:11
    sub.o                     runtime/sub.s:8
    ludiv.o                   runtime/ludiv.s:9
    lmul.o                    runtime/lmul.s:9
    ladd.o                    runtime/ladd.s:8
aslax1 (aslax1.o):
    mktime.o                  ../libwrk/cx16/mktime.s:614
    PSG.o                     PSG.s:160
aslax3 (aslax3.o):
    sprite.o                  sprite.s:497
    sprite.o                  sprite.s:497
    sprite.o                  sprite.s:497
    sprite.o                  sprite.s:497
    sprite.o                  sprite.s:497
asrax1 (asrax1.o):
    sprite.o                  sprite.s:497
    sprite.o                  sprite.s:497
    main.o                    main.s:566
asrax2 (asrax2.o):
    main.o                    main.s:566
asrax4 (asrax4.o):
    sprite.o                  sprite.s:497
    sprite.o                  sprite.s:497
    main.o                    main.s:566
axlong (axlong.o):
    _printf.o                 common/_printf.s:11
axulong (axlong.o):
    _printf.o                 common/_printf.s:11
    mktime.o                  ../libwrk/cx16/mktime.s:614
    timer.o                   timer.s:93
boolult (makebool.o):
    lult.o                    runtime/lult.s:8
callmain (callmain.o):
    crt0.o                    cx16/crt0.s:9
ctypemaskdirect (ctypemask.o):
    strlower.o                common/strlower.s:14
cursor (_cursor.o):
    cgetc.o                   cx16/cgetc.s:10
decax1 (decax1.o):
    mktime.o                  ../libwrk/cx16/mktime.s:614
decaxy (decaxy.o):
    mktime.o                  ../libwrk/cx16/mktime.s:614
    main.o                    main.s:566
decsp2 (decsp2.o):
    main.o                    main.s:566
decsp4 (decsp4.o):
    mktime.o                  ../libwrk/cx16/mktime.s:614
    lpush.o                   runtime/lpush.s:12
decsp6 (decsp6.o):
    _printf.o                 common/_printf.s:11
donelib (condes.o):
    crt0.o                    cx16/crt0.s:8
getlop (ludiv.o):
    lshelp.o                  runtime/lshelp.s:11
gotoxy (gotoxy.o):
    cputc.o                   cx16/cputc.s:11
incax2 (incax2.o):
    sprite.o                  sprite.s:497
incax4 (incaxy.o):
    mktime.o                  ../libwrk/cx16/mktime.s:614
incax6 (incax6.o):
    sprite.o                  sprite.s:497
    sprite.o                  sprite.s:497
incax8 (incax8.o):
    main.o                    main.s:566
incaxy (incaxy.o):
    incax8.o                  runtime/incax8.s:8
    incax6.o                  runtime/incax6.s:8
    PSG.o                     PSG.s:160
incsp1 (incsp1.o):
    gettime.o                 cx16/gettime.s:10
    sprite.o                  sprite.s:497
    main.o                    main.s:566
incsp2 (incsp2.o):
    staxspi.o                 runtime/staxspi.s:9
    staspidx.o                runtime/staspidx.s:8
    popptr1.o                 runtime/popptr1.s:8
    mktime.o                  ../libwrk/cx16/mktime.s:614
    PSG.o                     PSG.s:160
    sprite.o                  sprite.s:497
incsp3 (incsp3.o):
    sprite.o                  sprite.s:497
    sprite.o                  sprite.s:497
    sprite.o                  sprite.s:497
    sprite.o                  sprite.s:497
    main.o                    main.s:566
incsp4 (incsp4.o):
    lcmp.o                    runtime/lcmp.s:9
    PSG.o                     PSG.s:160
    sprite.o                  sprite.s:497
    main.o                    main.s:566
    main.o                    main.s:566
incsp6 (incsp6.o):
    timer.o                   timer.s:93
initlib (condes.o):
    crt0.o                    cx16/crt0.s:8
ldaidx (ldai.o):
    sprite.o                  sprite.s:497
ldax0sp (ldaxsp.o):
    mktime.o                  ../libwrk/cx16/mktime.s:614
    PSG.o                     PSG.s:160
    PSG.o                     PSG.s:160
    sprite.o                  sprite.s:497
    sprite.o                  sprite.s:497
    sprite.o                  sprite.s:497
    sprite.o                  sprite.s:497
    sprite.o                  sprite.s:497
    main.o                    main.s:566
ldaxi (ldaxi.o):
    mktime.o                  ../libwrk/cx16/mktime.s:614
    PSG.o                     PSG.s:160
    PSG.o                     PSG.s:160
    sprite.o                  sprite.s:497
    sprite.o                  sprite.s:497
ldaxidx (ldaxi.o):
    PSG.o                     PSG.s:160
    sprite.o                  sprite.s:497
    sprite.o                  sprite.s:497
    main.o                    main.s:566
ldaxysp (ldaxsp.o):
    mktime.o                  ../libwrk/cx16/mktime.s:614
    timer.o                   timer.s:93
    PSG.o                     PSG.s:160
    sprite.o                  sprite.s:497
    main.o                    main.s:566
    main.o                    main.s:566
    main.o                    main.s:566
ldeaxysp (ldeaxysp.o):
    timer.o                   timer.s:93
load_jiffy (tmcommon.o):
    gettime.o                 cx16/gettime.s:11
mul8x16 (mul8.o):
    mul.o                     runtime/mul.s:8
mul8x16a (mul8.o):
    mul.o                     runtime/mul.s:8
negax (negabs.o):
    divt.o                    common/divt.s:17
    shelp.o                   runtime/shelp.s:11
    mod.o                     runtime/mod.s:11
    div.o                     runtime/div.s:11
negeax (lneg.o):
    ltoa.o                    common/ltoa.s:9
    ldiv.o                    runtime/ldiv.s:11
plot (cputc.o):
    gotoxy.o                  cx16/gotoxy.s:9
popa (popa.o):
    gotoxy.o                  cx16/gotoxy.s:9
    c_setlfs.o                cbm/c_setlfs.s:12
    c_load.o                  cbm/c_load.s:11
popax (incsp2.o):
    ltoa.o                    common/ltoa.s:9
    _printf.o                 common/_printf.s:11
    vcprintf.o                conio/vcprintf.s:8
    shelp.o                   runtime/shelp.s:11
    memcpy.o                  common/memcpy.s:14
poplsargs (lshelp.o):
    ldiv.o                    runtime/ldiv.s:11
popptr1 (popptr1.o):
    ltoa.o                    common/ltoa.s:9
    vcprintf.o                conio/vcprintf.s:8
    umod.o                    runtime/umod.s:8
    udiv.o                    runtime/udiv.s:9
    steaxspi.o                runtime/steaxspi.s:9
    mul8.o                    runtime/mul8.s:9
    mul.o                     runtime/mul.s:9
    memcpy.o                  common/memcpy.s:14
popsargsudiv16 (shelp.o):
    mod.o                     runtime/mod.s:11
    div.o                     runtime/div.s:11
ptr1 (zeropage.o):
    strlower.o                common/strlower.s:13
    ltoa.o                    common/ltoa.s:11
    lcmp.o                    runtime/lcmp.s:10
    _printf.o                 /Users/rje/git/cc65/asminc/zeropage.inc:12
    zerobss.o                 common/zerobss.s:9
    vcprintf.o                conio/vcprintf.s:10
    udiv.o                    runtime/udiv.s:10
    steaxspi.o                runtime/steaxspi.s:10
    staxspi.o                 runtime/staxspi.s:10
    staspidx.o                runtime/staspidx.s:9
    shelp.o                   runtime/shelp.s:12
    pushw.o                   runtime/pushw.s:9
    popptr1.o                 runtime/popptr1.s:9
    mul8.o                    runtime/mul8.s:10
    mul.o                     runtime/mul.s:10
    mktime.o                  ../libwrk/cx16/mktime.s:11
    memcpy.o                  common/memcpy.s:15
    ludiv.o                   runtime/ludiv.s:10
    lshelp.o                  runtime/lshelp.s:12
    lmul.o                    runtime/lmul.s:10
    ldiv.o                    runtime/ldiv.s:12
    ldaxi.o                   runtime/ldaxi.s:8
    ldai.o                    runtime/ldai.s:8
    div.o                     runtime/div.s:12
    cprintf.o                 conio/cprintf.s:9
    c_setnam.o                cbm/c_setnam.s:10
    c_load.o                  cbm/c_load.s:12
    PSG.o                     PSG.s:11
    sprite.o                  sprite.s:11
    main.o                    main.s:11
ptr2 (zeropage.o):
    strlower.o                common/strlower.s:13
    strlen.o                  common/strlen.s:12
    ltoa.o                    common/ltoa.s:11
    _printf.o                 /Users/rje/git/cc65/asminc/zeropage.inc:12
    vcprintf.o                conio/vcprintf.s:10
    memcpy.o                  common/memcpy.s:15
    ludiv.o                   runtime/ludiv.s:10
ptr3 (zeropage.o):
    ltoa.o                    common/ltoa.s:11
    vcprintf.o                conio/vcprintf.s:10
    memcpy.o                  common/memcpy.s:15
    ludiv.o                   runtime/ludiv.s:10
    lshelp.o                  runtime/lshelp.s:12
    lmul.o                    runtime/lmul.s:10
ptr4 (zeropage.o):
    umod.o                    runtime/umod.s:9
    udiv.o                    runtime/udiv.s:10
    shelp.o                   runtime/shelp.s:12
    mul8.o                    runtime/mul8.s:10
    mul.o                     runtime/mul.s:10
    ludiv.o                   runtime/ludiv.s:10
    lshelp.o                  runtime/lshelp.s:12
    lmul.o                    runtime/lmul.s:10
push1 (push1.o):
    _printf.o                 common/_printf.s:11
pusha (pusha.o):
    timer.o                   timer.s:93
    sprite.o                  sprite.s:497
    sprite.o                  sprite.s:497
    main.o                    main.s:566
    main.o                    main.s:566
    main.o                    main.s:566
    main.o                    main.s:566
    main.o                    main.s:566
    main.o                    main.s:566
    main.o                    main.s:566
pusha0 (pushax.o):
    push1.o                   runtime/push1.s:8
    main.o                    main.s:566
pushax (pushax.o):
    callmain.o                runtime/callmain.s:11
    _printf.o                 common/_printf.s:11
    vcprintf.o                conio/vcprintf.s:8
    pushw.o                   runtime/pushw.s:8
    mktime.o                  ../libwrk/cx16/mktime.s:614
    mktime.o                  ../libwrk/cx16/mktime.s:614
    gettime.o                 cx16/gettime.s:10
    cprintf.o                 conio/cprintf.s:8
    timer.o                   timer.s:93
    PSG.o                     PSG.s:160
    PSG.o                     PSG.s:160
    sprite.o                  sprite.s:497
    sprite.o                  sprite.s:497
    sprite.o                  sprite.s:497
    sprite.o                  sprite.s:497
    sprite.o                  sprite.s:497
    sprite.o                  sprite.s:497
    main.o                    main.s:566
    main.o                    main.s:566
    main.o                    main.s:566
    main.o                    main.s:566
pusheax (lpush.o):
    _printf.o                 common/_printf.s:11
    mktime.o                  ../libwrk/cx16/mktime.s:614
    gettime.o                 cx16/gettime.s:10
    timer.o                   timer.s:93
    timer.o                   timer.s:93
pushw0sp (pushwsp.o):
    mktime.o                  ../libwrk/cx16/mktime.s:614
    main.o                    main.s:566
pushwidx (pushw.o):
    main.o                    main.s:566
regbank (zeropage.o):
    _printf.o                 /Users/rje/git/cc65/asminc/zeropage.inc:14
    regswap2.o                runtime/regswap2.s:8
    mktime.o                  ../libwrk/cx16/mktime.s:10
regswap2 (regswap2.o):
    mktime.o                  ../libwrk/cx16/mktime.s:614
return0 (return0.o):
    gettime.o                 cx16/gettime.s:10
shlax4 (aslax4.o):
    PSG.o                     PSG.s:160
shrax1 (shrax1.o):
    sprite.o                  sprite.s:497
    sprite.o                  sprite.s:497
shrax2 (shrax2.o):
    mktime.o                  ../libwrk/cx16/mktime.s:614
    PSG.o                     PSG.s:160
shrax4 (shrax4.o):
    PSG.o                     PSG.s:160
    sprite.o                  sprite.s:497
    sprite.o                  sprite.s:497
sp (zeropage.o):
    lsub.o                    runtime/lsub.s:12
    lcmp.o                    runtime/lcmp.s:10
    icmp.o                    runtime/icmp.s:9
    decsp6.o                  runtime/decsp6.s:8
    decsp4.o                  runtime/decsp4.s:8
    addysp.o                  runtime/addysp.s:8
    _printf.o                 /Users/rje/git/cc65/asminc/zeropage.inc:11
    vcprintf.o                conio/vcprintf.s:10
    sub.o                     runtime/sub.s:9
    staxspi.o                 runtime/staxspi.s:10
    staxsp.o                  runtime/staxsp.s:8
    staspidx.o                runtime/staspidx.s:9
    regswap2.o                runtime/regswap2.s:8
    pushwsp.o                 runtime/pushwsp.s:8
    pushax.o                  runtime/pushax.s:8
    pusha.o                   runtime/pusha.s:8
    popptr1.o                 runtime/popptr1.s:9
    popa.o                    runtime/popa.s:8
    mktime.o                  ../libwrk/cx16/mktime.s:10
    memcpy.o                  common/memcpy.s:15
    ludiv.o                   runtime/ludiv.s:10
    lpush.o                   runtime/lpush.s:13
    lmul.o                    runtime/lmul.s:10
    ldeaxysp.o                runtime/ldeaxysp.s:12
    ldaxsp.o                  runtime/ldaxsp.s:8
    ladd.o                    runtime/ladd.s:9
    incsp2.o                  runtime/incsp2.s:8
    incsp1.o                  runtime/incsp1.s:8
    decsp2.o                  runtime/decsp2.s:8
    crt0.o                    /Users/rje/git/cc65/asminc/zeropage.inc:11
    cprintf.o                 conio/cprintf.s:9
    addeqsp.o                 runtime/addeqsp.s:8
    add.o                     runtime/add.s:12
    sprite.o                  sprite.s:10
    main.o                    main.s:10
sreg (zeropage.o):
    ltoa.o                    common/ltoa.s:11
    lsub.o                    runtime/lsub.s:12
    lcmp.o                    runtime/lcmp.s:10
    icmp.o                    runtime/icmp.s:9
    divt.o                    common/divt.s:18
    _printf.o                 /Users/rje/git/cc65/asminc/zeropage.inc:11
    umod.o                    runtime/umod.s:9
    udiv.o                    runtime/udiv.s:10
    tmcommon.o                cx16/tmcommon.s:9
    steaxspi.o                runtime/steaxspi.s:10
    mod.o                     runtime/mod.s:12
    mktime.o                  ../libwrk/cx16/mktime.s:10
    ludiv.o                   runtime/ludiv.s:10
    lshelp.o                  runtime/lshelp.s:12
    lpush.o                   runtime/lpush.s:13
    lneg.o                    runtime/lneg.s:11
    lmul.o                    runtime/lmul.s:10
    ldiv.o                    runtime/ldiv.s:12
    ldeaxysp.o                runtime/ldeaxysp.s:12
    ladd.o                    runtime/ladd.s:9
    clock.o                   cx16/clock.s:12
    axlong.o                  runtime/axlong.s:9
    timer.o                   timer.s:10
    PSG.o                     PSG.s:10
    sprite.o                  sprite.s:10
    main.o                    main.s:10
staspidx (staspidx.o):
    main.o                    main.s:566
stax0sp (staxsp.o):
    mktime.o                  ../libwrk/cx16/mktime.s:614
    main.o                    main.s:566
staxspidx (staxspi.o):
    mktime.o                  ../libwrk/cx16/mktime.s:614
    main.o                    main.s:566
staxysp (staxsp.o):
    mktime.o                  ../libwrk/cx16/mktime.s:614
steaxspidx (steaxspi.o):
    gettime.o                 cx16/gettime.s:10
tmp1 (zeropage.o):
    ltoa.o                    common/ltoa.s:11
    divt.o                    common/divt.s:18
    _printf.o                 /Users/rje/git/cc65/asminc/zeropage.inc:13
    vcprintf.o                conio/vcprintf.s:10
    steaxspi.o                runtime/steaxspi.s:10
    staxspi.o                 runtime/staxspi.s:10
    staspidx.o                runtime/staspidx.s:9
    shrax4.o                  runtime/shrax4.s:8
    shrax2.o                  runtime/shrax2.s:8
    shrax1.o                  runtime/shrax1.s:8
    shelp.o                   runtime/shelp.s:12
    mul.o                     runtime/mul.s:10
    mod.o                     runtime/mod.s:12
    mktime.o                  ../libwrk/cx16/mktime.s:11
    lshelp.o                  runtime/lshelp.s:12
    ldiv.o                    runtime/ldiv.s:12
    ladd.o                    runtime/ladd.s:9
    incaxy.o                  runtime/incaxy.s:8
    div.o                     runtime/div.s:12
    decaxy.o                  runtime/decaxy.s:8
    color.o                   cx16/color.s:11
    c_setlfs.o                cbm/c_setlfs.s:13
    asrax4.o                  runtime/asrax4.s:9
    asrax2.o                  runtime/asrax2.s:8
    asrax1.o                  runtime/asrax1.s:8
    aslax4.o                  runtime/aslax4.s:8
    aslax3.o                  runtime/aslax3.s:8
    aslax1.o                  runtime/aslax1.s:8
tmp2 (zeropage.o):
    steaxspi.o                runtime/steaxspi.s:10
    shelp.o                   runtime/shelp.s:12
    lshelp.o                  runtime/lshelp.s:12
    lmul.o                    runtime/lmul.s:10
    ldiv.o                    runtime/ldiv.s:12
    div.o                     runtime/div.s:12
tmp3 (zeropage.o):
    steaxspi.o                runtime/steaxspi.s:10
    ludiv.o                   runtime/ludiv.s:10
    lmul.o                    runtime/lmul.s:10
tmp4 (zeropage.o):
    ludiv.o                   runtime/ludiv.s:10
    lmul.o                    runtime/lmul.s:10
tosaddax (add.o):
    main.o                    main.s:566
tosaddeax (ladd.o):
    mktime.o                  ../libwrk/cx16/mktime.s:614
    timer.o                   timer.s:93
tosdiva0 (div.o):
    main.o                    main.s:566
tosdivax (div.o):
    divt.o                    common/divt.s:17
tosdiveax (ldiv.o):
    timer.o                   timer.s:93
tosicmp (icmp.o):
    mktime.o                  ../libwrk/cx16/mktime.s:614
toslcmp (lcmp.o):
    lult.o                    runtime/lult.s:8
tosmoda0 (mod.o):
    main.o                    main.s:566
tosmul0ax (lmul.o):
    gettime.o                 cx16/gettime.s:10
tossubax (sub.o):
    main.o                    main.s:566
tossubeax (lsub.o):
    mktime.o                  ../libwrk/cx16/mktime.s:614
tosulteax (lult.o):
    timer.o                   timer.s:93
tosumoda0 (umod.o):
    mktime.o                  ../libwrk/cx16/mktime.s:614
    mktime.o                  ../libwrk/cx16/mktime.s:614
tosumodax (umod.o):
    mktime.o                  ../libwrk/cx16/mktime.s:614
tosumul0ax (lmul.o):
    mktime.o                  ../libwrk/cx16/mktime.s:614
tosumula0 (mul8.o):
    mktime.o                  ../libwrk/cx16/mktime.s:614
tosumulax (mul.o):
    mktime.o                  ../libwrk/cx16/mktime.s:614
tosumuleax (lmul.o):
    mktime.o                  ../libwrk/cx16/mktime.s:614
udiv16 (udiv.o):
    umod.o                    runtime/umod.s:8
    shelp.o                   runtime/shelp.s:11
udiv32 (ludiv.o):
    ldiv.o                    runtime/ldiv.s:11
zerobss (zerobss.o):
    crt0.o                    cx16/crt0.s:9

