Modules list:
-------------
main.o:
    CODE              Offs=000000  Size=000CAA  Align=00001  Fill=0000
    RODATA            Offs=000000  Size=00002D  Align=00001  Fill=0000
    BSS               Offs=000000  Size=000060  Align=00001  Fill=0000
    DATA              Offs=000000  Size=0000CC  Align=00001  Fill=0000
sprite.o:
    CODE              Offs=000CAA  Size=000330  Align=00001  Fill=0000
timer.o:
    CODE              Offs=000FDA  Size=00003F  Align=00001  Fill=0000
    BSS               Offs=000060  Size=000008  Align=00001  Fill=0000
/Users/rje/git/cc65/lib/cx16.lib(_cursor.o):
    BSS               Offs=000068  Size=000001  Align=00001  Fill=0000
/Users/rje/git/cc65/lib/cx16.lib(_oserror.o):
    BSS               Offs=000069  Size=000001  Align=00001  Fill=0000
/Users/rje/git/cc65/lib/cx16.lib(add.o):
    CODE              Offs=001019  Size=000018  Align=00001  Fill=0000
/Users/rje/git/cc65/lib/cx16.lib(addeqsp.o):
    CODE              Offs=001031  Size=000011  Align=00001  Fill=0000
/Users/rje/git/cc65/lib/cx16.lib(addysp.o):
    CODE              Offs=001042  Size=00000E  Align=00001  Fill=0000
/Users/rje/git/cc65/lib/cx16.lib(aslax1.o):
    CODE              Offs=001050  Size=000008  Align=00001  Fill=0000
/Users/rje/git/cc65/lib/cx16.lib(aslax2.o):
    CODE              Offs=001058  Size=00000B  Align=00001  Fill=0000
/Users/rje/git/cc65/lib/cx16.lib(aslax3.o):
    CODE              Offs=001063  Size=00000E  Align=00001  Fill=0000
/Users/rje/git/cc65/lib/cx16.lib(aslax4.o):
    CODE              Offs=001071  Size=000011  Align=00001  Fill=0000
/Users/rje/git/cc65/lib/cx16.lib(asrax1.o):
    CODE              Offs=001082  Size=00000A  Align=00001  Fill=0000
/Users/rje/git/cc65/lib/cx16.lib(asrax4.o):
    CODE              Offs=00108C  Size=000019  Align=00001  Fill=0000
/Users/rje/git/cc65/lib/cx16.lib(axlong.o):
    CODE              Offs=0010A5  Size=00000D  Align=00001  Fill=0000
/Users/rje/git/cc65/lib/cx16.lib(c_bsout.o):
/Users/rje/git/cc65/lib/cx16.lib(c_load.o):
    CODE              Offs=0010B2  Size=00001D  Align=00001  Fill=0000
/Users/rje/git/cc65/lib/cx16.lib(c_setlfs.o):
    CODE              Offs=0010CF  Size=00000E  Align=00001  Fill=0000
/Users/rje/git/cc65/lib/cx16.lib(c_setnam.o):
    CODE              Offs=0010DD  Size=000013  Align=00001  Fill=0000
/Users/rje/git/cc65/lib/cx16.lib(callmain.o):
    CODE              Offs=0010F0  Size=000017  Align=00001  Fill=0000
    DATA              Offs=0000CC  Size=000004  Align=00001  Fill=0000
/Users/rje/git/cc65/lib/cx16.lib(cgetc.o):
    CODE              Offs=001107  Size=000067  Align=00001  Fill=0000
/Users/rje/git/cc65/lib/cx16.lib(clrscr.o):
    CODE              Offs=00116E  Size=000011  Align=00001  Fill=0000
/Users/rje/git/cc65/lib/cx16.lib(color.o):
    CODE              Offs=00117F  Size=00002A  Align=00001  Fill=0000
/Users/rje/git/cc65/lib/cx16.lib(condes.o):
    CODE              Offs=0011A9  Size=00000C  Align=00001  Fill=0000
    DATA              Offs=0000D0  Size=000025  Align=00001  Fill=0000
    ONCE              Offs=000000  Size=00000C  Align=00001  Fill=0000
/Users/rje/git/cc65/lib/cx16.lib(crt0.o):
    STARTUP           Offs=000000  Size=000021  Align=00001  Fill=0000
    ONCE              Offs=00000C  Size=00001B  Align=00001  Fill=0000
    INIT              Offs=000000  Size=000002  Align=00001  Fill=0000
/Users/rje/git/cc65/lib/cx16.lib(decax1.o):
    CODE              Offs=0011B5  Size=000007  Align=00001  Fill=0000
/Users/rje/git/cc65/lib/cx16.lib(decaxy.o):
    CODE              Offs=0011BC  Size=000009  Align=00001  Fill=0000
/Users/rje/git/cc65/lib/cx16.lib(decsp2.o):
    CODE              Offs=0011C5  Size=00000D  Align=00001  Fill=0000
/Users/rje/git/cc65/lib/cx16.lib(decsp4.o):
    CODE              Offs=0011D2  Size=00000D  Align=00001  Fill=0000
/Users/rje/git/cc65/lib/cx16.lib(div.o):
    CODE              Offs=0011DF  Size=000015  Align=00001  Fill=0000
/Users/rje/git/cc65/lib/cx16.lib(divt.o):
    CODE              Offs=0011F4  Size=000015  Align=00001  Fill=0000
/Users/rje/git/cc65/lib/cx16.lib(exehdr.o):
    EXEHDR            Offs=000000  Size=00000C  Align=00001  Fill=0000
/Users/rje/git/cc65/lib/cx16.lib(gettime.o):
    CODE              Offs=001209  Size=00004C  Align=00001  Fill=0000
/Users/rje/git/cc65/lib/cx16.lib(icmp.o):
    CODE              Offs=001255  Size=00002E  Align=00001  Fill=0000
/Users/rje/git/cc65/lib/cx16.lib(incax2.o):
    CODE              Offs=001283  Size=000007  Align=00001  Fill=0000
/Users/rje/git/cc65/lib/cx16.lib(incax6.o):
    CODE              Offs=00128A  Size=000005  Align=00001  Fill=0000
/Users/rje/git/cc65/lib/cx16.lib(incaxy.o):
    CODE              Offs=00128F  Size=00000B  Align=00001  Fill=0000
/Users/rje/git/cc65/lib/cx16.lib(incsp1.o):
    CODE              Offs=00129A  Size=000007  Align=00001  Fill=0000
/Users/rje/git/cc65/lib/cx16.lib(incsp2.o):
    CODE              Offs=0012A1  Size=000015  Align=00001  Fill=0000
/Users/rje/git/cc65/lib/cx16.lib(incsp3.o):
    CODE              Offs=0012B6  Size=000005  Align=00001  Fill=0000
/Users/rje/git/cc65/lib/cx16.lib(incsp4.o):
    CODE              Offs=0012BB  Size=000005  Align=00001  Fill=0000
/Users/rje/git/cc65/lib/cx16.lib(incsp6.o):
    CODE              Offs=0012C0  Size=000005  Align=00001  Fill=0000
/Users/rje/git/cc65/lib/cx16.lib(incsp8.o):
    CODE              Offs=0012C5  Size=000005  Align=00001  Fill=0000
/Users/rje/git/cc65/lib/cx16.lib(kbhit.o):
    CODE              Offs=0012CA  Size=000005  Align=00001  Fill=0000
/Users/rje/git/cc65/lib/cx16.lib(kernal.o):
/Users/rje/git/cc65/lib/cx16.lib(ladd.o):
    CODE              Offs=0012CF  Size=000024  Align=00001  Fill=0000
/Users/rje/git/cc65/lib/cx16.lib(ldai.o):
    CODE              Offs=0012F3  Size=00000C  Align=00001  Fill=0000
/Users/rje/git/cc65/lib/cx16.lib(ldaxi.o):
    CODE              Offs=0012FF  Size=00000D  Align=00001  Fill=0000
/Users/rje/git/cc65/lib/cx16.lib(ldaxsp.o):
    CODE              Offs=00130C  Size=000009  Align=00001  Fill=0000
/Users/rje/git/cc65/lib/cx16.lib(ldiv.o):
    CODE              Offs=001315  Size=00001C  Align=00001  Fill=0000
/Users/rje/git/cc65/lib/cx16.lib(lmul.o):
    CODE              Offs=001331  Size=000059  Align=00001  Fill=0000
/Users/rje/git/cc65/lib/cx16.lib(lneg.o):
    CODE              Offs=00138A  Size=00001E  Align=00001  Fill=0000
/Users/rje/git/cc65/lib/cx16.lib(loadaddr.o):
    LOADADDR          Offs=000000  Size=000002  Align=00001  Fill=0000
/Users/rje/git/cc65/lib/cx16.lib(lpush.o):
    CODE              Offs=0013A8  Size=00001E  Align=00001  Fill=0000
/Users/rje/git/cc65/lib/cx16.lib(lshelp.o):
    CODE              Offs=0013C6  Size=000052  Align=00001  Fill=0000
/Users/rje/git/cc65/lib/cx16.lib(lsub.o):
    CODE              Offs=001418  Size=000024  Align=00001  Fill=0000
/Users/rje/git/cc65/lib/cx16.lib(ludiv.o):
    CODE              Offs=00143C  Size=000077  Align=00001  Fill=0000
/Users/rje/git/cc65/lib/cx16.lib(mktime.o):
    CODE              Offs=0014B3  Size=0003D1  Align=00001  Fill=0000
    RODATA            Offs=00002D  Size=00002E  Align=00001  Fill=0000
/Users/rje/git/cc65/lib/cx16.lib(mod.o):
    CODE              Offs=001884  Size=000011  Align=00001  Fill=0000
/Users/rje/git/cc65/lib/cx16.lib(mul.o):
    CODE              Offs=001895  Size=000045  Align=00001  Fill=0000
/Users/rje/git/cc65/lib/cx16.lib(mul8.o):
    CODE              Offs=0018DA  Size=00003A  Align=00001  Fill=0000
/Users/rje/git/cc65/lib/cx16.lib(negabs.o):
    CODE              Offs=001914  Size=000012  Align=00001  Fill=0000
/Users/rje/git/cc65/lib/cx16.lib(popa.o):
    CODE              Offs=001926  Size=00000A  Align=00001  Fill=0000
/Users/rje/git/cc65/lib/cx16.lib(popptr1.o):
    CODE              Offs=001930  Size=00000E  Align=00001  Fill=0000
/Users/rje/git/cc65/lib/cx16.lib(pusha.o):
    CODE              Offs=00193E  Size=000016  Align=00001  Fill=0000
/Users/rje/git/cc65/lib/cx16.lib(pushax.o):
    CODE              Offs=001954  Size=00001A  Align=00001  Fill=0000
/Users/rje/git/cc65/lib/cx16.lib(pushw.o):
    CODE              Offs=00196E  Size=00000F  Align=00001  Fill=0000
/Users/rje/git/cc65/lib/cx16.lib(pushwsp.o):
    CODE              Offs=00197D  Size=00001C  Align=00001  Fill=0000
/Users/rje/git/cc65/lib/cx16.lib(rand.o):
    CODE              Offs=001999  Size=000034  Align=00001  Fill=0000
    DATA              Offs=0000F5  Size=000004  Align=00001  Fill=0000
/Users/rje/git/cc65/lib/cx16.lib(regswap2.o):
    CODE              Offs=0019CD  Size=000016  Align=00001  Fill=0000
/Users/rje/git/cc65/lib/cx16.lib(return0.o):
    CODE              Offs=0019E3  Size=000004  Align=00001  Fill=0000
/Users/rje/git/cc65/lib/cx16.lib(shelp.o):
    CODE              Offs=0019E7  Size=000020  Align=00001  Fill=0000
/Users/rje/git/cc65/lib/cx16.lib(shrax1.o):
    CODE              Offs=001A07  Size=000008  Align=00001  Fill=0000
/Users/rje/git/cc65/lib/cx16.lib(shrax2.o):
    CODE              Offs=001A0F  Size=00000B  Align=00001  Fill=0000
/Users/rje/git/cc65/lib/cx16.lib(shrax4.o):
    CODE              Offs=001A1A  Size=000011  Align=00001  Fill=0000
/Users/rje/git/cc65/lib/cx16.lib(sprites_enable.o):
    CODE              Offs=001A2B  Size=00001F  Align=00001  Fill=0000
/Users/rje/git/cc65/lib/cx16.lib(staspidx.o):
    CODE              Offs=001A4A  Size=000016  Align=00001  Fill=0000
/Users/rje/git/cc65/lib/cx16.lib(staxsp.o):
    CODE              Offs=001A60  Size=00000B  Align=00001  Fill=0000
/Users/rje/git/cc65/lib/cx16.lib(staxspi.o):
    CODE              Offs=001A6B  Size=00001A  Align=00001  Fill=0000
/Users/rje/git/cc65/lib/cx16.lib(steaxspi.o):
    CODE              Offs=001A85  Size=000022  Align=00001  Fill=0000
/Users/rje/git/cc65/lib/cx16.lib(subeqsp.o):
    CODE              Offs=001AA7  Size=000015  Align=00001  Fill=0000
/Users/rje/git/cc65/lib/cx16.lib(timezone.o):
    DATA              Offs=0000F9  Size=00000F  Align=00001  Fill=0000
/Users/rje/git/cc65/lib/cx16.lib(tmcommon.o):
    CODE              Offs=001ABC  Size=00000D  Align=00001  Fill=0000
    DATA              Offs=000108  Size=000012  Align=00001  Fill=0000
/Users/rje/git/cc65/lib/cx16.lib(udiv.o):
    CODE              Offs=001AC9  Size=00004F  Align=00001  Fill=0000
/Users/rje/git/cc65/lib/cx16.lib(umod.o):
    CODE              Offs=001B18  Size=000011  Align=00001  Fill=0000
/Users/rje/git/cc65/lib/cx16.lib(zerobss.o):
    CODE              Offs=001B29  Size=000023  Align=00001  Fill=0000
/Users/rje/git/cc65/lib/cx16.lib(zeropage.o):
    ZEROPAGE          Offs=000000  Size=00001A  Align=00001  Fill=0000


Segment list:
-------------
Name                   Start     End    Size  Align
----------------------------------------------------
ZEROPAGE              000022  00003B  00001A  00001
LOADADDR              0007FF  000800  000002  00001
EXEHDR                000801  00080C  00000C  00001
STARTUP               00080D  00082D  000021  00001
CODE                  00082E  002379  001B4C  00001
RODATA                00237A  0023D4  00005B  00001
DATA                  0023D5  0024EE  00011A  00001
INIT                  0024EF  0024F0  000002  00001
BSS                   0024F1  00255A  00006A  00001
ONCE                  0024F1  002517  000027  00001


Exports list by name:
---------------------
BSOUT                     00FFD2 RLA    CHROUT                    00FFD2 RLA    
CLOCK_GET_DATE_TIME       00FF50 RLA    GETIN                     00FFE4 RLA    
KBDBUF_PEEK               00FEBD RLA    LOAD                      00FFD5 RLA    
SETLFS                    00FFBA RLA    SETNAM                    00FFBD RLA    
TM                        0024DD RLA    __BSS_RUN__               0024F1 RLA    
__BSS_SIZE__              00006A REA    __CONSTRUCTOR_COUNT__     000000 REA    
__CONSTRUCTOR_TABLE__     002518 RLA    __DESTRUCTOR_COUNT__      000000 REA    
__DESTRUCTOR_TABLE__      0023D5 RLA    __EXEHDR__                000001 REA    
__HEADER_LAST__           00080D RLA    __HIMEM__                 009F00 REA    
__LOADADDR__              000001 REA    __MAIN_SIZE__             0096F3 REA    
__MAIN_START__            00080D RLA    __ONCE_RUN__              0024F1 RLA    
__STACKSIZE__             000800 REA    __STARTUP__               000001 REA    
__oserror                 00255A RLA    __tz                      0024CE RLA    
_bgcolor                  0019C0 RLA    _cbm_k_bsout              00FFD2 RLA    
_cbm_k_load               0018E0 RLA    _cbm_k_setlfs             0018FD RLA    
_cbm_k_setnam             00190B RLA    _cgetc                    001935 RLA    
_clock_gettime            001A37 RLA    _clrscr                   00199C RLA    
_div                      001A22 RLA    _kbhit                    001AF8 RLA    
_main                     001483 RLA    _mktime                   001CE1 RLA    
_pause_jiffies            001808 RLA    _rand                     0021D3 RLA    
_sprite_changeBlock       001615 RLA    _sprite_define            001501 RLA    
_sprite_flip              00173C RLA    _sprite_pos               00166D RLA    
_vera_sprites_enable      002259 RLA    addeq0sp                  00185F RLA    
addeqysp                  001861 RLA    addysp                    001871 RLA    
addysp1                   001870 RLA    aslax1                    00187E RLA    
aslax2                    001886 RLA    aslax3                    001891 RLA    
aslax4                    00189F RLA    asrax1                    0018B0 RLA    
asrax4                    0018BA RLA    axulong                   0018D9 RLA    
callmain                  00191E RLA    cursor                    002559 RLA    
decax1                    0019E3 RLA    decaxy                    0019EA RLA    
decsp2                    0019F3 RLA    decsp4                    001A00 RLA    
donelib                   0019D7 RLA    getlop                    001C79 RLA    
incax2                    001AB1 RLA    incax4                    001ABD RLA    
incax6                    001AB8 RLA    incaxy                    001ABF RLA    
incsp1                    001AC8 RLA    incsp2                    001AD6 RLA    
incsp3                    001AE4 RLA    incsp4                    001AE9 RLA    
incsp6                    001AEE RLA    incsp8                    001AF3 RLA    
initlib                   0024F1 RLA    ldaidx                    001B21 RLA    
ldax0sp                   001B3A RLA    ldaxi                     001B2D RLA    
ldaxidx                   001B2F RLA    ldaxysp                   001B3C RLA    
load_jiffy                0022EA RLA    mul8x16                   00210A RLA    
mul8x16a                  002114 RLA    negax                     002146 RLA    
negeax                    001BB8 RLA    popa                      002154 RLA    
popax                     001ACF RLA    poplsargs                 001BF4 RLA    
popptr1                   00215E RLA    popsargsudiv16            002215 RLA    
ptr1                      00002A RLZ    ptr2                      00002C RLZ    
ptr3                      00002E RLZ    ptr4                      000030 RLZ    
push0                     002182 RLA    pusha                     002170 RLA    
pusha0                    002184 RLA    pushax                    002186 RLA    
pusheax                   001BDD RLA    pushw                     00219C RLA    
pushw0sp                  0021AB RLA    pushwidx                  00219E RLA    
pushwysp                  0021AD RLA    regbank                   000036 RLZ    
regswap2                  0021FB RLA    return0                   002211 RLA    
shrax1                    002235 RLA    shrax2                    00223D RLA    
shrax4                    002248 RLA    sp                        000022 RLZ    
sreg                      000024 RLZ    staspidx                  002278 RLA    
stax0sp                   00228E RLA    staxspidx                 002299 RLA    
staxysp                   002290 RLA    steaxspidx                0022B3 RLA    
subeq0sp                  0022D5 RLA    tmp1                      000032 RLZ    
tmp2                      000033 RLZ    tmp3                      000034 RLZ    
tmp4                      000035 RLZ    tosaddax                  001849 RLA    
tosaddeax                 001B03 RLA    tosdiva0                  001A0D RLA    
tosdivax                  001A0F RLA    tosdiveax                 001B49 RLA    
tosicmp                   001A85 RLA    tosmodax                  0020B4 RLA    
tosmul0ax                 001B5F RLA    tosmula0                  002108 RLA    
tossubeax                 001C4A RLA    tosumoda0                 002346 RLA    
tosumodax                 002348 RLA    tosumul0ax                001B5F RLA    
tosumula0                 002108 RLA    tosumulax                 0020C3 RLA    
tosumuleax                001B63 RLA    udiv16                    002308 RLA    
udiv32                    001C9C RLA    zerobss                   002357 RLA    



Exports list by value:
----------------------
__CONSTRUCTOR_COUNT__     000000 REA    __DESTRUCTOR_COUNT__      000000 REA    
__EXEHDR__                000001 REA    __LOADADDR__              000001 REA    
__STARTUP__               000001 REA    sp                        000022 RLZ    
sreg                      000024 RLZ    ptr1                      00002A RLZ    
ptr2                      00002C RLZ    ptr3                      00002E RLZ    
ptr4                      000030 RLZ    tmp1                      000032 RLZ    
tmp2                      000033 RLZ    tmp3                      000034 RLZ    
tmp4                      000035 RLZ    regbank                   000036 RLZ    
__BSS_SIZE__              00006A REA    __STACKSIZE__             000800 REA    
__HEADER_LAST__           00080D RLA    __MAIN_START__            00080D RLA    
_main                     001483 RLA    _sprite_define            001501 RLA    
_sprite_changeBlock       001615 RLA    _sprite_pos               00166D RLA    
_sprite_flip              00173C RLA    _pause_jiffies            001808 RLA    
tosaddax                  001849 RLA    addeq0sp                  00185F RLA    
addeqysp                  001861 RLA    addysp1                   001870 RLA    
addysp                    001871 RLA    aslax1                    00187E RLA    
aslax2                    001886 RLA    aslax3                    001891 RLA    
aslax4                    00189F RLA    asrax1                    0018B0 RLA    
asrax4                    0018BA RLA    axulong                   0018D9 RLA    
_cbm_k_load               0018E0 RLA    _cbm_k_setlfs             0018FD RLA    
_cbm_k_setnam             00190B RLA    callmain                  00191E RLA    
_cgetc                    001935 RLA    _clrscr                   00199C RLA    
_bgcolor                  0019C0 RLA    donelib                   0019D7 RLA    
decax1                    0019E3 RLA    decaxy                    0019EA RLA    
decsp2                    0019F3 RLA    decsp4                    001A00 RLA    
tosdiva0                  001A0D RLA    tosdivax                  001A0F RLA    
_div                      001A22 RLA    _clock_gettime            001A37 RLA    
tosicmp                   001A85 RLA    incax2                    001AB1 RLA    
incax6                    001AB8 RLA    incax4                    001ABD RLA    
incaxy                    001ABF RLA    incsp1                    001AC8 RLA    
popax                     001ACF RLA    incsp2                    001AD6 RLA    
incsp3                    001AE4 RLA    incsp4                    001AE9 RLA    
incsp6                    001AEE RLA    incsp8                    001AF3 RLA    
_kbhit                    001AF8 RLA    tosaddeax                 001B03 RLA    
ldaidx                    001B21 RLA    ldaxi                     001B2D RLA    
ldaxidx                   001B2F RLA    ldax0sp                   001B3A RLA    
ldaxysp                   001B3C RLA    tosdiveax                 001B49 RLA    
tosmul0ax                 001B5F RLA    tosumul0ax                001B5F RLA    
tosumuleax                001B63 RLA    negeax                    001BB8 RLA    
pusheax                   001BDD RLA    poplsargs                 001BF4 RLA    
tossubeax                 001C4A RLA    getlop                    001C79 RLA    
udiv32                    001C9C RLA    _mktime                   001CE1 RLA    
tosmodax                  0020B4 RLA    tosumulax                 0020C3 RLA    
tosumula0                 002108 RLA    tosmula0                  002108 RLA    
mul8x16                   00210A RLA    mul8x16a                  002114 RLA    
negax                     002146 RLA    popa                      002154 RLA    
popptr1                   00215E RLA    pusha                     002170 RLA    
push0                     002182 RLA    pusha0                    002184 RLA    
pushax                    002186 RLA    pushw                     00219C RLA    
pushwidx                  00219E RLA    pushw0sp                  0021AB RLA    
pushwysp                  0021AD RLA    _rand                     0021D3 RLA    
regswap2                  0021FB RLA    return0                   002211 RLA    
popsargsudiv16            002215 RLA    shrax1                    002235 RLA    
shrax2                    00223D RLA    shrax4                    002248 RLA    
_vera_sprites_enable      002259 RLA    staspidx                  002278 RLA    
stax0sp                   00228E RLA    staxysp                   002290 RLA    
staxspidx                 002299 RLA    steaxspidx                0022B3 RLA    
subeq0sp                  0022D5 RLA    load_jiffy                0022EA RLA    
udiv16                    002308 RLA    tosumoda0                 002346 RLA    
tosumodax                 002348 RLA    zerobss                   002357 RLA    
__DESTRUCTOR_TABLE__      0023D5 RLA    __tz                      0024CE RLA    
TM                        0024DD RLA    __ONCE_RUN__              0024F1 RLA    
__BSS_RUN__               0024F1 RLA    initlib                   0024F1 RLA    
__CONSTRUCTOR_TABLE__     002518 RLA    cursor                    002559 RLA    
__oserror                 00255A RLA    __MAIN_SIZE__             0096F3 REA    
__HIMEM__                 009F00 REA    KBDBUF_PEEK               00FEBD RLA    
CLOCK_GET_DATE_TIME       00FF50 RLA    SETLFS                    00FFBA RLA    
SETNAM                    00FFBD RLA    CHROUT                    00FFD2 RLA    
_cbm_k_bsout              00FFD2 RLA    BSOUT                     00FFD2 RLA    
LOAD                      00FFD5 RLA    GETIN                     00FFE4 RLA    



Imports list:
-------------
BSOUT (kernal.o):
    c_bsout.o                 cbm/cbm.inc:49
CHROUT (kernal.o):
    crt0.o                    cx16/crt0.s:10
    clrscr.o                  cx16/clrscr.s:10
    c_bsout.o                 cbm/cbm.inc:50
CLOCK_GET_DATE_TIME (kernal.o):
    gettime.o                 cx16/gettime.s:12
GETIN (kernal.o):
    cgetc.o                   cx16/cgetc.s:10
KBDBUF_PEEK (kernal.o):
    kbhit.o                   cx16/kbhit.s:10
LOAD (kernal.o):
    c_load.o                  cbm/cbm.inc:37
SETLFS (kernal.o):
    c_setlfs.o                cbm/cbm.inc:33
SETNAM (kernal.o):
    c_setnam.o                cbm/cbm.inc:34
TM (tmcommon.o):
    gettime.o                 cx16/gettime.s:11
__BSS_RUN__ ([linker generated]):
    zerobss.o                 common/zerobss.s:8
__BSS_SIZE__ ([linker generated]):
    zerobss.o                 common/zerobss.s:8
__CONSTRUCTOR_COUNT__ ([linker generated]):
    condes.o                  runtime/condes.s:18
__CONSTRUCTOR_TABLE__ ([linker generated]):
    condes.o                  runtime/condes.s:18
__DESTRUCTOR_COUNT__ ([linker generated]):
    condes.o                  runtime/condes.s:19
__DESTRUCTOR_TABLE__ ([linker generated]):
    condes.o                  runtime/condes.s:19
__EXEHDR__ (exehdr.o):
    [linker generated]        /Users/rje/git/cc65/cfg/cx16.cfg:6
__HEADER_LAST__ ([linker generated]):
    [linker generated]        /Users/rje/git/cc65/cfg/cx16.cfg:14
    [linker generated]        /Users/rje/git/cc65/cfg/cx16.cfg:14
__HIMEM__ ([linker generated]):
    [linker generated]        /Users/rje/git/cc65/cfg/cx16.cfg:15
    [linker generated]        /Users/rje/git/cc65/cfg/cx16.cfg:14
__LOADADDR__ (loadaddr.o):
    [linker generated]        /Users/rje/git/cc65/cfg/cx16.cfg:5
__MAIN_SIZE__ ([linker generated]):
    crt0.o                    cx16/crt0.s:11
__MAIN_START__ ([linker generated]):
    crt0.o                    cx16/crt0.s:11
__ONCE_RUN__ ([linker generated]):
    [linker generated]        /Users/rje/git/cc65/cfg/cx16.cfg:15
    [linker generated]        /Users/rje/git/cc65/cfg/cx16.cfg:15
__STACKSIZE__ ([linker generated]):
    [linker generated]        /Users/rje/git/cc65/cfg/cx16.cfg:15
__STARTUP__ (crt0.o):
    main.o                    main.s:13
__oserror (_oserror.o):
    c_load.o                  cbm/c_load.s:10
__tz (timezone.o):
    mktime.o                  ../libwrk/cx16/mktime.s:15
_bgcolor (color.o):
    main.o                    main.s:23
_cbm_k_bsout (c_bsout.o):
    main.o                    main.s:16
_cbm_k_load (c_load.o):
    sprite.o                  sprite.s:13
    main.o                    main.s:17
_cbm_k_setlfs (c_setlfs.o):
    sprite.o                  sprite.s:14
    main.o                    main.s:18
_cbm_k_setnam (c_setnam.o):
    sprite.o                  sprite.s:15
    main.o                    main.s:19
_cgetc (cgetc.o):
    main.o                    main.s:22
_clock_gettime (gettime.o):
    timer.o                   timer.s:13
_clrscr (clrscr.o):
    main.o                    main.s:20
_div (divt.o):
    mktime.o                  ../libwrk/cx16/mktime.s:13
_kbhit (kbhit.o):
    cgetc.o                   cx16/cgetc.s:10
    main.o                    main.s:21
_main (main.o):
    callmain.o                runtime/callmain.s:11
_mktime (mktime.o):
    gettime.o                 /Users/rje/git/cc65/asminc/time.inc:68
_pause_jiffies (timer.o):
    main.o                    main.s:28
_rand (rand.o):
    main.o                    main.s:14
_sprite_changeBlock (sprite.o):
    main.o                    main.s:25
_sprite_define (sprite.o):
    main.o                    main.s:24
_sprite_flip (sprite.o):
    main.o                    main.s:27
_sprite_pos (sprite.o):
    main.o                    main.s:26
_vera_sprites_enable (sprites_enable.o):
    main.o                    main.s:15
addeq0sp (addeqsp.o):
    sprite.o                  sprite.s:497
    main.o                    main.s:1895
addeqysp (addeqsp.o):
    main.o                    main.s:1895
addysp (addysp.o):
    mktime.o                  ../libwrk/cx16/mktime.s:614
    incsp8.o                  runtime/incsp8.s:8
    incsp6.o                  runtime/incsp6.s:8
    incsp4.o                  runtime/incsp4.s:8
    incsp3.o                  runtime/incsp3.s:8
    main.o                    main.s:1895
    main.o                    main.s:1895
    main.o                    main.s:1895
addysp1 (addysp.o):
    lsub.o                    runtime/lsub.s:11
    ladd.o                    runtime/ladd.s:8
    ludiv.o                   runtime/ludiv.s:9
    lmul.o                    runtime/lmul.s:9
aslax1 (aslax1.o):
    mktime.o                  ../libwrk/cx16/mktime.s:614
    main.o                    main.s:1895
    main.o                    main.s:1895
    main.o                    main.s:1895
    main.o                    main.s:1895
    main.o                    main.s:1895
aslax2 (aslax2.o):
    main.o                    main.s:1895
aslax3 (aslax3.o):
    sprite.o                  sprite.s:497
    sprite.o                  sprite.s:497
    sprite.o                  sprite.s:497
    sprite.o                  sprite.s:497
    sprite.o                  sprite.s:497
aslax4 (aslax4.o):
    main.o                    main.s:1895
asrax1 (asrax1.o):
    sprite.o                  sprite.s:497
    sprite.o                  sprite.s:497
    main.o                    main.s:1895
    main.o                    main.s:1895
asrax4 (asrax4.o):
    sprite.o                  sprite.s:497
    sprite.o                  sprite.s:497
    main.o                    main.s:1895
    main.o                    main.s:1895
axulong (axlong.o):
    mktime.o                  ../libwrk/cx16/mktime.s:614
callmain (callmain.o):
    crt0.o                    cx16/crt0.s:9
cursor (_cursor.o):
    cgetc.o                   cx16/cgetc.s:10
decax1 (decax1.o):
    mktime.o                  ../libwrk/cx16/mktime.s:614
decaxy (decaxy.o):
    mktime.o                  ../libwrk/cx16/mktime.s:614
    main.o                    main.s:1895
decsp2 (decsp2.o):
    main.o                    main.s:1895
    main.o                    main.s:1895
decsp4 (decsp4.o):
    mktime.o                  ../libwrk/cx16/mktime.s:614
    lpush.o                   runtime/lpush.s:12
    main.o                    main.s:1895
    main.o                    main.s:1895
donelib (condes.o):
    crt0.o                    cx16/crt0.s:8
getlop (ludiv.o):
    lshelp.o                  runtime/lshelp.s:11
incax2 (incax2.o):
    sprite.o                  sprite.s:497
incax4 (incaxy.o):
    mktime.o                  ../libwrk/cx16/mktime.s:614
incax6 (incax6.o):
    sprite.o                  sprite.s:497
    sprite.o                  sprite.s:497
incaxy (incaxy.o):
    incax6.o                  runtime/incax6.s:8
    main.o                    main.s:1895
    main.o                    main.s:1895
    main.o                    main.s:1895
incsp1 (incsp1.o):
    gettime.o                 cx16/gettime.s:10
    sprite.o                  sprite.s:497
    main.o                    main.s:1895
incsp2 (incsp2.o):
    staxspi.o                 runtime/staxspi.s:9
    staspidx.o                runtime/staspidx.s:8
    popptr1.o                 runtime/popptr1.s:8
    mktime.o                  ../libwrk/cx16/mktime.s:614
    timer.o                   timer.s:74
    sprite.o                  sprite.s:497
    main.o                    main.s:1895
incsp3 (incsp3.o):
    sprite.o                  sprite.s:497
    sprite.o                  sprite.s:497
    sprite.o                  sprite.s:497
    sprite.o                  sprite.s:497
incsp4 (incsp4.o):
    sprite.o                  sprite.s:497
    main.o                    main.s:1895
    main.o                    main.s:1895
    main.o                    main.s:1895
incsp6 (incsp6.o):
    main.o                    main.s:1895
incsp8 (incsp8.o):
    main.o                    main.s:1895
initlib (condes.o):
    crt0.o                    cx16/crt0.s:8
ldaidx (ldai.o):
    sprite.o                  sprite.s:497
ldax0sp (ldaxsp.o):
    mktime.o                  ../libwrk/cx16/mktime.s:614
    sprite.o                  sprite.s:497
    sprite.o                  sprite.s:497
    sprite.o                  sprite.s:497
    sprite.o                  sprite.s:497
    sprite.o                  sprite.s:497
    main.o                    main.s:1895
    main.o                    main.s:1895
    main.o                    main.s:1895
    main.o                    main.s:1895
    main.o                    main.s:1895
ldaxi (ldaxi.o):
    mktime.o                  ../libwrk/cx16/mktime.s:614
    sprite.o                  sprite.s:497
    sprite.o                  sprite.s:497
    main.o                    main.s:1895
    main.o                    main.s:1895
    main.o                    main.s:1895
    main.o                    main.s:1895
ldaxidx (ldaxi.o):
    sprite.o                  sprite.s:497
    sprite.o                  sprite.s:497
    main.o                    main.s:1895
    main.o                    main.s:1895
    main.o                    main.s:1895
ldaxysp (ldaxsp.o):
    mktime.o                  ../libwrk/cx16/mktime.s:614
    sprite.o                  sprite.s:497
    main.o                    main.s:1895
    main.o                    main.s:1895
    main.o                    main.s:1895
    main.o                    main.s:1895
    main.o                    main.s:1895
    main.o                    main.s:1895
    main.o                    main.s:1895
load_jiffy (tmcommon.o):
    gettime.o                 cx16/gettime.s:11
mul8x16 (mul8.o):
    mul.o                     runtime/mul.s:8
mul8x16a (mul8.o):
    mul.o                     runtime/mul.s:8
negax (negabs.o):
    divt.o                    common/divt.s:17
    shelp.o                   runtime/shelp.s:11
    mod.o                     runtime/mod.s:11
    div.o                     runtime/div.s:11
negeax (lneg.o):
    ldiv.o                    runtime/ldiv.s:11
popa (popa.o):
    c_setlfs.o                cbm/c_setlfs.s:12
    c_load.o                  cbm/c_load.s:11
popax (incsp2.o):
    shelp.o                   runtime/shelp.s:11
poplsargs (lshelp.o):
    ldiv.o                    runtime/ldiv.s:11
popptr1 (popptr1.o):
    umod.o                    runtime/umod.s:8
    udiv.o                    runtime/udiv.s:9
    steaxspi.o                runtime/steaxspi.s:9
    mul8.o                    runtime/mul8.s:9
    mul.o                     runtime/mul.s:9
popsargsudiv16 (shelp.o):
    mod.o                     runtime/mod.s:11
    div.o                     runtime/div.s:11
ptr1 (zeropage.o):
    zerobss.o                 common/zerobss.s:9
    udiv.o                    runtime/udiv.s:10
    steaxspi.o                runtime/steaxspi.s:10
    staxspi.o                 runtime/staxspi.s:10
    staspidx.o                runtime/staspidx.s:9
    shelp.o                   runtime/shelp.s:12
    pushw.o                   runtime/pushw.s:9
    popptr1.o                 runtime/popptr1.s:9
    mul8.o                    runtime/mul8.s:10
    mul.o                     runtime/mul.s:10
    mktime.o                  ../libwrk/cx16/mktime.s:11
    ludiv.o                   runtime/ludiv.s:10
    lshelp.o                  runtime/lshelp.s:12
    lmul.o                    runtime/lmul.s:10
    ldiv.o                    runtime/ldiv.s:12
    ldaxi.o                   runtime/ldaxi.s:8
    ldai.o                    runtime/ldai.s:8
    div.o                     runtime/div.s:12
    c_setnam.o                cbm/c_setnam.s:10
    c_load.o                  cbm/c_load.s:12
    sprite.o                  sprite.s:11
    main.o                    main.s:11
ptr2 (zeropage.o):
    ludiv.o                   runtime/ludiv.s:10
ptr3 (zeropage.o):
    ludiv.o                   runtime/ludiv.s:10
    lshelp.o                  runtime/lshelp.s:12
    lmul.o                    runtime/lmul.s:10
ptr4 (zeropage.o):
    umod.o                    runtime/umod.s:9
    udiv.o                    runtime/udiv.s:10
    shelp.o                   runtime/shelp.s:12
    mul8.o                    runtime/mul8.s:10
    mul.o                     runtime/mul.s:10
    ludiv.o                   runtime/ludiv.s:10
    lshelp.o                  runtime/lshelp.s:12
    lmul.o                    runtime/lmul.s:10
push0 (pushax.o):
    main.o                    main.s:1895
pusha (pusha.o):
    timer.o                   timer.s:74
    sprite.o                  sprite.s:497
    sprite.o                  sprite.s:497
    main.o                    main.s:1895
    main.o                    main.s:1895
    main.o                    main.s:1895
    main.o                    main.s:1895
    main.o                    main.s:1895
    main.o                    main.s:1895
    main.o                    main.s:1895
    main.o                    main.s:1895
    main.o                    main.s:1895
pusha0 (pushax.o):
    main.o                    main.s:1895
    main.o                    main.s:1895
pushax (pushax.o):
    callmain.o                runtime/callmain.s:11
    pushw.o                   runtime/pushw.s:8
    mktime.o                  ../libwrk/cx16/mktime.s:614
    mktime.o                  ../libwrk/cx16/mktime.s:614
    gettime.o                 cx16/gettime.s:10
    timer.o                   timer.s:74
    sprite.o                  sprite.s:497
    sprite.o                  sprite.s:497
    sprite.o                  sprite.s:497
    sprite.o                  sprite.s:497
    sprite.o                  sprite.s:497
    sprite.o                  sprite.s:497
    main.o                    main.s:1895
    main.o                    main.s:1895
    main.o                    main.s:1895
    main.o                    main.s:1895
    main.o                    main.s:1895
    main.o                    main.s:1895
    main.o                    main.s:1895
    main.o                    main.s:1895
pusheax (lpush.o):
    mktime.o                  ../libwrk/cx16/mktime.s:614
    gettime.o                 cx16/gettime.s:10
    timer.o                   timer.s:74
pushw (pushw.o):
    main.o                    main.s:1895
    main.o                    main.s:1895
pushw0sp (pushwsp.o):
    mktime.o                  ../libwrk/cx16/mktime.s:614
    main.o                    main.s:1895
    main.o                    main.s:1895
pushwidx (pushw.o):
    main.o                    main.s:1895
pushwysp (pushwsp.o):
    main.o                    main.s:1895
    main.o                    main.s:1895
    main.o                    main.s:1895
    main.o                    main.s:1895
    main.o                    main.s:1895
    main.o                    main.s:1895
    main.o                    main.s:1895
regbank (zeropage.o):
    regswap2.o                runtime/regswap2.s:8
    mktime.o                  ../libwrk/cx16/mktime.s:10
regswap2 (regswap2.o):
    mktime.o                  ../libwrk/cx16/mktime.s:614
return0 (return0.o):
    gettime.o                 cx16/gettime.s:10
shrax1 (shrax1.o):
    sprite.o                  sprite.s:497
    sprite.o                  sprite.s:497
shrax2 (shrax2.o):
    mktime.o                  ../libwrk/cx16/mktime.s:614
shrax4 (shrax4.o):
    sprite.o                  sprite.s:497
    sprite.o                  sprite.s:497
sp (zeropage.o):
    lsub.o                    runtime/lsub.s:12
    ladd.o                    runtime/ladd.s:9
    icmp.o                    runtime/icmp.s:9
    subeqsp.o                 runtime/subeqsp.s:8
    staxspi.o                 runtime/staxspi.s:10
    staxsp.o                  runtime/staxsp.s:8
    staspidx.o                runtime/staspidx.s:9
    regswap2.o                runtime/regswap2.s:8
    pushwsp.o                 runtime/pushwsp.s:8
    pushax.o                  runtime/pushax.s:8
    pusha.o                   runtime/pusha.s:8
    popptr1.o                 runtime/popptr1.s:9
    popa.o                    runtime/popa.s:8
    mktime.o                  ../libwrk/cx16/mktime.s:10
    ludiv.o                   runtime/ludiv.s:10
    lpush.o                   runtime/lpush.s:13
    lmul.o                    runtime/lmul.s:10
    ldaxsp.o                  runtime/ldaxsp.s:8
    incsp2.o                  runtime/incsp2.s:8
    incsp1.o                  runtime/incsp1.s:8
    decsp4.o                  runtime/decsp4.s:8
    decsp2.o                  runtime/decsp2.s:8
    crt0.o                    /Users/rje/git/cc65/asminc/zeropage.inc:11
    addysp.o                  runtime/addysp.s:8
    addeqsp.o                 runtime/addeqsp.s:8
    add.o                     runtime/add.s:12
    sprite.o                  sprite.s:10
    main.o                    main.s:10
sreg (zeropage.o):
    lsub.o                    runtime/lsub.s:12
    ladd.o                    runtime/ladd.s:9
    icmp.o                    runtime/icmp.s:9
    divt.o                    common/divt.s:18
    axlong.o                  runtime/axlong.s:9
    umod.o                    runtime/umod.s:9
    udiv.o                    runtime/udiv.s:10
    tmcommon.o                cx16/tmcommon.s:9
    steaxspi.o                runtime/steaxspi.s:10
    mod.o                     runtime/mod.s:12
    mktime.o                  ../libwrk/cx16/mktime.s:10
    ludiv.o                   runtime/ludiv.s:10
    lshelp.o                  runtime/lshelp.s:12
    lpush.o                   runtime/lpush.s:13
    lneg.o                    runtime/lneg.s:11
    lmul.o                    runtime/lmul.s:10
    ldiv.o                    runtime/ldiv.s:12
    timer.o                   timer.s:10
    sprite.o                  sprite.s:10
    main.o                    main.s:10
staspidx (staspidx.o):
    main.o                    main.s:1895
stax0sp (staxsp.o):
    mktime.o                  ../libwrk/cx16/mktime.s:614
    main.o                    main.s:1895
    main.o                    main.s:1895
    main.o                    main.s:1895
staxspidx (staxspi.o):
    mktime.o                  ../libwrk/cx16/mktime.s:614
    main.o                    main.s:1895
    main.o                    main.s:1895
    main.o                    main.s:1895
    main.o                    main.s:1895
    main.o                    main.s:1895
staxysp (staxsp.o):
    mktime.o                  ../libwrk/cx16/mktime.s:614
    main.o                    main.s:1895
    main.o                    main.s:1895
    main.o                    main.s:1895
steaxspidx (steaxspi.o):
    gettime.o                 cx16/gettime.s:10
subeq0sp (subeqsp.o):
    timer.o                   timer.s:74
tmp1 (zeropage.o):
    ladd.o                    runtime/ladd.s:9
    divt.o                    common/divt.s:18
    steaxspi.o                runtime/steaxspi.s:10
    staxspi.o                 runtime/staxspi.s:10
    staspidx.o                runtime/staspidx.s:9
    shrax4.o                  runtime/shrax4.s:8
    shrax2.o                  runtime/shrax2.s:8
    shrax1.o                  runtime/shrax1.s:8
    shelp.o                   runtime/shelp.s:12
    mul.o                     runtime/mul.s:10
    mod.o                     runtime/mod.s:12
    mktime.o                  ../libwrk/cx16/mktime.s:11
    lshelp.o                  runtime/lshelp.s:12
    ldiv.o                    runtime/ldiv.s:12
    incaxy.o                  runtime/incaxy.s:8
    div.o                     runtime/div.s:12
    decaxy.o                  runtime/decaxy.s:8
    color.o                   cx16/color.s:11
    c_setlfs.o                cbm/c_setlfs.s:13
    asrax4.o                  runtime/asrax4.s:9
    asrax1.o                  runtime/asrax1.s:8
    aslax4.o                  runtime/aslax4.s:8
    aslax3.o                  runtime/aslax3.s:8
    aslax2.o                  runtime/aslax2.s:8
    aslax1.o                  runtime/aslax1.s:8
    timer.o                   timer.s:11
tmp2 (zeropage.o):
    steaxspi.o                runtime/steaxspi.s:10
    shelp.o                   runtime/shelp.s:12
    lshelp.o                  runtime/lshelp.s:12
    lmul.o                    runtime/lmul.s:10
    ldiv.o                    runtime/ldiv.s:12
    div.o                     runtime/div.s:12
tmp3 (zeropage.o):
    steaxspi.o                runtime/steaxspi.s:10
    ludiv.o                   runtime/ludiv.s:10
    lmul.o                    runtime/lmul.s:10
tmp4 (zeropage.o):
    ludiv.o                   runtime/ludiv.s:10
    lmul.o                    runtime/lmul.s:10
tosaddax (add.o):
    main.o                    main.s:1895
    main.o                    main.s:1895
    main.o                    main.s:1895
    main.o                    main.s:1895
tosaddeax (ladd.o):
    mktime.o                  ../libwrk/cx16/mktime.s:614
tosdiva0 (div.o):
    main.o                    main.s:1895
    main.o                    main.s:1895
tosdivax (div.o):
    divt.o                    common/divt.s:17
tosdiveax (ldiv.o):
    timer.o                   timer.s:74
tosicmp (icmp.o):
    mktime.o                  ../libwrk/cx16/mktime.s:614
tosmodax (mod.o):
    main.o                    main.s:1895
tosmul0ax (lmul.o):
    gettime.o                 cx16/gettime.s:10
tosmula0 (mul8.o):
    main.o                    main.s:1895
    main.o                    main.s:1895
    main.o                    main.s:1895
    main.o                    main.s:1895
    main.o                    main.s:1895
    main.o                    main.s:1895
tossubeax (lsub.o):
    mktime.o                  ../libwrk/cx16/mktime.s:614
tosumoda0 (umod.o):
    mktime.o                  ../libwrk/cx16/mktime.s:614
    mktime.o                  ../libwrk/cx16/mktime.s:614
tosumodax (umod.o):
    mktime.o                  ../libwrk/cx16/mktime.s:614
tosumul0ax (lmul.o):
    mktime.o                  ../libwrk/cx16/mktime.s:614
tosumula0 (mul8.o):
    mktime.o                  ../libwrk/cx16/mktime.s:614
tosumulax (mul.o):
    mktime.o                  ../libwrk/cx16/mktime.s:614
tosumuleax (lmul.o):
    mktime.o                  ../libwrk/cx16/mktime.s:614
udiv16 (udiv.o):
    umod.o                    runtime/umod.s:8
    shelp.o                   runtime/shelp.s:11
udiv32 (ludiv.o):
    ldiv.o                    runtime/ldiv.s:11
zerobss (zerobss.o):
    crt0.o                    cx16/crt0.s:9

